Component: ARM Compiler 5.06 update 7 (build 960) Tool: armlink [4d3601]

==============================================================================

Section Cross References

    main.o(i.main) refers to nrf51_uart.o(i.nrf51_uart_setCallback) for nrf51_uart_setCallback
    main.o(i.main) refers to nrf51_uart.o(i.nrf51_uart_init) for nrf51_uart_init
    main.o(i.main) refers to nrf_drv_clock.o(i.nrf_drv_clock_init) for nrf_drv_clock_init
    main.o(i.main) refers to app_error.o(i.app_error_handler_bare) for app_error_handler_bare
    main.o(i.main) refers to nrf_drv_clock.o(i.nrf_drv_clock_lfclk_request) for nrf_drv_clock_lfclk_request
    main.o(i.main) refers to app_timer.o(i.app_timer_init) for app_timer_init
    main.o(i.main) refers to app_timer.o(i.app_timer_create) for app_timer_create
    main.o(i.main) refers to app_timer.o(i.app_timer_start) for app_timer_start
    main.o(i.main) refers to main.o(i.uart_rcv_callback) for uart_rcv_callback
    main.o(i.main) refers to main.o(.bss) for .bss
    main.o(i.main) refers to main.o(i.repeated_timer_handler) for repeated_timer_handler
    main.o(i.main) refers to main.o(.constdata) for .constdata
    main.o(i.main) refers to main.o(i.repeated_timer_handler_1) for repeated_timer_handler_1
    main.o(i.repeated_timer_handler_1) refers to nrf51_uart.o(i.nrf51_uart_tx) for nrf51_uart_tx
    main.o(i.uart_rcv_callback) refers to nrf51_uart.o(i.nrf51_uart_tx) for nrf51_uart_tx
    main.o(.constdata) refers to main.o(.bss) for m_repeated_timer_id_data
    main.o(.constdata) refers to main.o(.bss) for m_repeated_timer_id_1_data
    nrf51_uart.o(i.nrf51_uart_init) refers to memcpya.o(.text) for __aeabi_memcpy4
    nrf51_uart.o(i.nrf51_uart_init) refers to app_uart_fifo.o(i.app_uart_init) for app_uart_init
    nrf51_uart.o(i.nrf51_uart_init) refers to app_error.o(i.app_error_handler_bare) for app_error_handler_bare
    nrf51_uart.o(i.nrf51_uart_init) refers to nrf51_uart.o(.constdata) for .constdata
    nrf51_uart.o(i.nrf51_uart_init) refers to nrf51_uart.o(.bss) for .bss
    nrf51_uart.o(i.nrf51_uart_init) refers to nrf51_uart.o(i.uart_handle) for uart_handle
    nrf51_uart.o(i.nrf51_uart_setCallback) refers to nrf51_uart.o(.data) for .data
    nrf51_uart.o(i.nrf51_uart_tx) refers to app_uart_fifo.o(i.app_uart_put) for app_uart_put
    nrf51_uart.o(i.uart_handle) refers to app_uart_fifo.o(i.app_uart_get) for app_uart_get
    nrf51_uart.o(i.uart_handle) refers to memseta.o(.text) for __aeabi_memclr
    nrf51_uart.o(i.uart_handle) refers to app_error.o(i.app_error_handler_bare) for app_error_handler_bare
    nrf51_uart.o(i.uart_handle) refers to nrf51_uart.o(.bss) for .bss
    nrf51_uart.o(i.uart_handle) refers to nrf51_uart.o(.data) for .data
    boards.o(i.bsp_board_button_idx_to_pin) refers to boards.o(.constdata) for .constdata
    boards.o(i.bsp_board_button_state_get) refers to boards.o(.constdata) for .constdata
    boards.o(i.bsp_board_buttons_init) refers to boards.o(i.nrf_gpio_cfg) for nrf_gpio_cfg
    boards.o(i.bsp_board_buttons_init) refers to boards.o(.constdata) for .constdata
    boards.o(i.bsp_board_led_idx_to_pin) refers to boards.o(.constdata) for .constdata
    boards.o(i.bsp_board_led_invert) refers to boards.o(.constdata) for .constdata
    boards.o(i.bsp_board_led_off) refers to boards.o(i.nrf_gpio_pin_write) for nrf_gpio_pin_write
    boards.o(i.bsp_board_led_off) refers to boards.o(.constdata) for .constdata
    boards.o(i.bsp_board_led_on) refers to boards.o(i.nrf_gpio_pin_write) for nrf_gpio_pin_write
    boards.o(i.bsp_board_led_on) refers to boards.o(.constdata) for .constdata
    boards.o(i.bsp_board_led_state_get) refers to boards.o(.constdata) for .constdata
    boards.o(i.bsp_board_leds_init) refers to boards.o(i.nrf_gpio_cfg) for nrf_gpio_cfg
    boards.o(i.bsp_board_leds_init) refers to boards.o(i.bsp_board_leds_off) for bsp_board_leds_off
    boards.o(i.bsp_board_leds_init) refers to boards.o(.constdata) for .constdata
    boards.o(i.bsp_board_leds_off) refers to boards.o(i.bsp_board_led_off) for bsp_board_led_off
    boards.o(i.bsp_board_leds_on) refers to boards.o(i.bsp_board_led_on) for bsp_board_led_on
    boards.o(i.bsp_board_pin_to_button_idx) refers to boards.o(.constdata) for .constdata
    boards.o(i.bsp_board_pin_to_led_idx) refers to boards.o(.constdata) for .constdata
    nrf_drv_uart.o(i.UART0_IRQHandler) refers to nrf_drv_uart.o(i.uart_irq_handler) for uart_irq_handler
    nrf_drv_uart.o(i.UART0_IRQHandler) refers to nrf_drv_uart.o(.bss) for .bss
    nrf_drv_uart.o(i.apply_config) refers to nrf_drv_uart.o(i.nrf_gpio_cfg_output) for nrf_gpio_cfg_output
    nrf_drv_uart.o(i.apply_config) refers to nrf_drv_uart.o(i.nrf_gpio_cfg_input) for nrf_gpio_cfg_input
    nrf_drv_uart.o(i.nrf_drv_uart_init) refers to nrf_drv_uart.o(i.apply_config) for apply_config
    nrf_drv_uart.o(i.nrf_drv_uart_init) refers to nrf_drv_common.o(i.nrf_drv_common_irq_enable) for nrf_drv_common_irq_enable
    nrf_drv_uart.o(i.nrf_drv_uart_init) refers to nrf_drv_uart.o(.bss) for .bss
    nrf_drv_uart.o(i.nrf_drv_uart_rx) refers to nrf_drv_uart.o(i.nrf_drv_uart_rx_for_uart) for nrf_drv_uart_rx_for_uart
    nrf_drv_uart.o(i.nrf_drv_uart_rx) refers to nrf_drv_uart.o(.bss) for .bss
    nrf_drv_uart.o(i.nrf_drv_uart_rx_disable) refers to nrf_drv_uart.o(.bss) for .bss
    nrf_drv_uart.o(i.nrf_drv_uart_rx_enable) refers to nrf_drv_uart.o(i.rx_enable) for rx_enable
    nrf_drv_uart.o(i.nrf_drv_uart_rx_enable) refers to nrf_drv_uart.o(.bss) for .bss
    nrf_drv_uart.o(i.nrf_drv_uart_rx_for_uart) refers to nrf_drv_uart.o(i.rx_enable) for rx_enable
    nrf_drv_uart.o(i.nrf_drv_uart_rx_for_uart) refers to nrf_drv_uart.o(i.nrf_uart_event_check) for nrf_uart_event_check
    nrf_drv_uart.o(i.nrf_drv_uart_rx_for_uart) refers to nrf_drv_uart.o(i.rx_byte) for rx_byte
    nrf_drv_uart.o(i.nrf_drv_uart_rx_for_uart) refers to nrf_drv_uart.o(.bss) for .bss
    nrf_drv_uart.o(i.nrf_drv_uart_tx) refers to nrf_drv_uart.o(i.nrf_drv_uart_tx_in_progress) for nrf_drv_uart_tx_in_progress
    nrf_drv_uart.o(i.nrf_drv_uart_tx) refers to nrf_drv_uart.o(i.nrf_drv_uart_tx_for_uart) for nrf_drv_uart_tx_for_uart
    nrf_drv_uart.o(i.nrf_drv_uart_tx) refers to nrf_drv_uart.o(.bss) for .bss
    nrf_drv_uart.o(i.nrf_drv_uart_tx_abort) refers to nrf_drv_uart.o(i.tx_done_event) for tx_done_event
    nrf_drv_uart.o(i.nrf_drv_uart_tx_abort) refers to nrf_drv_uart.o(.bss) for .bss
    nrf_drv_uart.o(i.nrf_drv_uart_tx_for_uart) refers to nrf_drv_uart.o(i.tx_byte) for tx_byte
    nrf_drv_uart.o(i.nrf_drv_uart_tx_for_uart) refers to nrf_drv_uart.o(i.nrf_uart_event_check) for nrf_uart_event_check
    nrf_drv_uart.o(i.nrf_drv_uart_tx_for_uart) refers to nrf_drv_uart.o(.bss) for .bss
    nrf_drv_uart.o(i.nrf_drv_uart_tx_in_progress) refers to nrf_drv_uart.o(.bss) for .bss
    nrf_drv_uart.o(i.nrf_drv_uart_uninit) refers to nrf_drv_uart.o(i.nrf_gpio_cfg_default) for nrf_gpio_cfg_default
    nrf_drv_uart.o(i.nrf_drv_uart_uninit) refers to nrf_drv_uart.o(.bss) for .bss
    nrf_drv_uart.o(i.nrf_gpio_cfg_default) refers to nrf_drv_uart.o(i.nrf_gpio_cfg) for nrf_gpio_cfg
    nrf_drv_uart.o(i.nrf_gpio_cfg_input) refers to nrf_drv_uart.o(i.nrf_gpio_cfg) for nrf_gpio_cfg
    nrf_drv_uart.o(i.nrf_gpio_cfg_output) refers to nrf_drv_uart.o(i.nrf_gpio_cfg) for nrf_gpio_cfg
    nrf_drv_uart.o(i.uart_irq_handler) refers to nrf_drv_uart.o(i.nrf_uart_int_enable_check) for nrf_uart_int_enable_check
    nrf_drv_uart.o(i.uart_irq_handler) refers to nrf_drv_uart.o(i.nrf_uart_event_check) for nrf_uart_event_check
    nrf_drv_uart.o(i.uart_irq_handler) refers to nrf_drv_uart.o(i.rx_byte) for rx_byte
    nrf_drv_uart.o(i.uart_irq_handler) refers to nrf_drv_uart.o(i.rx_done_event) for rx_done_event
    nrf_drv_uart.o(i.uart_irq_handler) refers to nrf_drv_uart.o(i.tx_byte) for tx_byte
    nrf_drv_uart.o(i.uart_irq_handler) refers to nrf_drv_uart.o(i.tx_done_event) for tx_done_event
    nrf_drv_clock.o(i.POWER_CLOCK_IRQHandler) refers to nrf_drv_clock.o(i.nrf_clock_event_check) for nrf_clock_event_check
    nrf_drv_clock.o(i.POWER_CLOCK_IRQHandler) refers to nrf_drv_clock.o(i.clock_clk_started_notify) for clock_clk_started_notify
    nrf_drv_clock.o(i.POWER_CLOCK_IRQHandler) refers to nrf_drv_clock.o(.bss) for .bss
    nrf_drv_clock.o(i.clock_clk_started_notify) refers to nrf_drv_clock.o(.bss) for .bss
    nrf_drv_clock.o(i.hfclk_stop) refers to nrf_drv_clock.o(i.nrf_clock_hf_is_running) for nrf_clock_hf_is_running
    nrf_drv_clock.o(i.hfclk_stop) refers to nrf_drv_clock.o(.bss) for .bss
    nrf_drv_clock.o(i.lfclk_stop) refers to nrf_drv_clock.o(.bss) for .bss
    nrf_drv_clock.o(i.nrf_drv_clock_hfclk_is_running) refers to nrf_drv_clock.o(i.nrf_clock_hf_is_running) for nrf_clock_hf_is_running
    nrf_drv_clock.o(i.nrf_drv_clock_hfclk_release) refers to app_util_platform.o(i.app_util_critical_region_enter) for app_util_critical_region_enter
    nrf_drv_clock.o(i.nrf_drv_clock_hfclk_release) refers to nrf_drv_clock.o(i.hfclk_stop) for hfclk_stop
    nrf_drv_clock.o(i.nrf_drv_clock_hfclk_release) refers to app_util_platform.o(i.app_util_critical_region_exit) for app_util_critical_region_exit
    nrf_drv_clock.o(i.nrf_drv_clock_hfclk_release) refers to nrf_drv_clock.o(.bss) for .bss
    nrf_drv_clock.o(i.nrf_drv_clock_hfclk_request) refers to app_util_platform.o(i.app_util_critical_region_enter) for app_util_critical_region_enter
    nrf_drv_clock.o(i.nrf_drv_clock_hfclk_request) refers to nrf_drv_clock.o(i.item_enqueue) for item_enqueue
    nrf_drv_clock.o(i.nrf_drv_clock_hfclk_request) refers to app_util_platform.o(i.app_util_critical_region_exit) for app_util_critical_region_exit
    nrf_drv_clock.o(i.nrf_drv_clock_hfclk_request) refers to nrf_drv_clock.o(.bss) for .bss
    nrf_drv_clock.o(i.nrf_drv_clock_init) refers to nrf_drv_common.o(i.nrf_drv_common_irq_enable) for nrf_drv_common_irq_enable
    nrf_drv_clock.o(i.nrf_drv_clock_init) refers to nrf_drv_clock.o(.bss) for .bss
    nrf_drv_clock.o(i.nrf_drv_clock_init_check) refers to nrf_drv_clock.o(.bss) for .bss
    nrf_drv_clock.o(i.nrf_drv_clock_lfclk_release) refers to app_util_platform.o(i.app_util_critical_region_enter) for app_util_critical_region_enter
    nrf_drv_clock.o(i.nrf_drv_clock_lfclk_release) refers to nrf_drv_clock.o(i.lfclk_stop) for lfclk_stop
    nrf_drv_clock.o(i.nrf_drv_clock_lfclk_release) refers to app_util_platform.o(i.app_util_critical_region_exit) for app_util_critical_region_exit
    nrf_drv_clock.o(i.nrf_drv_clock_lfclk_release) refers to nrf_drv_clock.o(.bss) for .bss
    nrf_drv_clock.o(i.nrf_drv_clock_lfclk_request) refers to app_util_platform.o(i.app_util_critical_region_enter) for app_util_critical_region_enter
    nrf_drv_clock.o(i.nrf_drv_clock_lfclk_request) refers to nrf_drv_clock.o(i.item_enqueue) for item_enqueue
    nrf_drv_clock.o(i.nrf_drv_clock_lfclk_request) refers to app_util_platform.o(i.app_util_critical_region_exit) for app_util_critical_region_exit
    nrf_drv_clock.o(i.nrf_drv_clock_lfclk_request) refers to nrf_drv_clock.o(.bss) for .bss
    nrf_drv_clock.o(i.nrf_drv_clock_uninit) refers to nrf_drv_common.o(i.nrf_drv_common_clock_irq_disable) for nrf_drv_common_clock_irq_disable
    nrf_drv_clock.o(i.nrf_drv_clock_uninit) refers to nrf_drv_clock.o(i.lfclk_stop) for lfclk_stop
    nrf_drv_clock.o(i.nrf_drv_clock_uninit) refers to nrf_drv_clock.o(i.hfclk_stop) for hfclk_stop
    nrf_drv_clock.o(i.nrf_drv_clock_uninit) refers to nrf_drv_clock.o(.bss) for .bss
    app_error.o(i.app_error_handler) refers to app_error_weak.o(i.app_error_fault_handler) for app_error_fault_handler
    app_error.o(i.app_error_handler_bare) refers to app_error_weak.o(i.app_error_fault_handler) for app_error_fault_handler
    app_error.o(i.app_error_save_and_stop) refers to app_error.o(.bss) for .bss
    app_fifo.o(i.app_fifo_get) refers to app_fifo.o(i.fifo_get) for fifo_get
    app_fifo.o(i.app_fifo_put) refers to app_fifo.o(i.fifo_put) for fifo_put
    app_fifo.o(i.app_fifo_read) refers to app_fifo.o(i.fifo_get) for fifo_get
    app_fifo.o(i.app_fifo_write) refers to app_fifo.o(i.fifo_put) for fifo_put
    app_uart_fifo.o(i.app_uart_close) refers to nrf_drv_uart.o(i.nrf_drv_uart_uninit) for nrf_drv_uart_uninit
    app_uart_fifo.o(i.app_uart_close) refers to app_uart_fifo.o(.data) for .data
    app_uart_fifo.o(i.app_uart_flush) refers to app_fifo.o(i.app_fifo_flush) for app_fifo_flush
    app_uart_fifo.o(i.app_uart_flush) refers to app_uart_fifo.o(.bss) for .bss
    app_uart_fifo.o(i.app_uart_get) refers to app_fifo.o(i.app_fifo_get) for app_fifo_get
    app_uart_fifo.o(i.app_uart_get) refers to nrf_drv_uart.o(i.nrf_drv_uart_rx) for nrf_drv_uart_rx
    app_uart_fifo.o(i.app_uart_get) refers to app_error.o(i.app_error_handler_bare) for app_error_handler_bare
    app_uart_fifo.o(i.app_uart_get) refers to app_uart_fifo.o(.data) for .data
    app_uart_fifo.o(i.app_uart_get) refers to app_uart_fifo.o(.bss) for .bss
    app_uart_fifo.o(i.app_uart_init) refers to app_fifo.o(i.app_fifo_init) for app_fifo_init
    app_uart_fifo.o(i.app_uart_init) refers to memcpya.o(.text) for __aeabi_memcpy4
    app_uart_fifo.o(i.app_uart_init) refers to nrf_drv_uart.o(i.nrf_drv_uart_init) for nrf_drv_uart_init
    app_uart_fifo.o(i.app_uart_init) refers to nrf_drv_uart.o(i.nrf_drv_uart_rx_enable) for nrf_drv_uart_rx_enable
    app_uart_fifo.o(i.app_uart_init) refers to nrf_drv_uart.o(i.nrf_drv_uart_rx) for nrf_drv_uart_rx
    app_uart_fifo.o(i.app_uart_init) refers to app_uart_fifo.o(.data) for .data
    app_uart_fifo.o(i.app_uart_init) refers to app_uart_fifo.o(.bss) for .bss
    app_uart_fifo.o(i.app_uart_init) refers to app_uart_fifo.o(.constdata) for .constdata
    app_uart_fifo.o(i.app_uart_init) refers to app_uart_fifo.o(i.uart_event_handler) for uart_event_handler
    app_uart_fifo.o(i.app_uart_put) refers to app_fifo.o(i.app_fifo_put) for app_fifo_put
    app_uart_fifo.o(i.app_uart_put) refers to nrf_drv_uart.o(i.nrf_drv_uart_tx_in_progress) for nrf_drv_uart_tx_in_progress
    app_uart_fifo.o(i.app_uart_put) refers to app_fifo.o(i.app_fifo_get) for app_fifo_get
    app_uart_fifo.o(i.app_uart_put) refers to nrf_drv_uart.o(i.nrf_drv_uart_tx) for nrf_drv_uart_tx
    app_uart_fifo.o(i.app_uart_put) refers to app_uart_fifo.o(.bss) for .bss
    app_uart_fifo.o(i.app_uart_put) refers to app_uart_fifo.o(.data) for .data
    app_uart_fifo.o(i.uart_event_handler) refers to nrf_drv_uart.o(i.nrf_drv_uart_rx) for nrf_drv_uart_rx
    app_uart_fifo.o(i.uart_event_handler) refers to app_fifo.o(i.app_fifo_put) for app_fifo_put
    app_uart_fifo.o(i.uart_event_handler) refers to app_fifo.o(i.app_fifo_get) for app_fifo_get
    app_uart_fifo.o(i.uart_event_handler) refers to nrf_drv_uart.o(i.nrf_drv_uart_tx) for nrf_drv_uart_tx
    app_uart_fifo.o(i.uart_event_handler) refers to app_uart_fifo.o(.data) for .data
    app_uart_fifo.o(i.uart_event_handler) refers to app_uart_fifo.o(.bss) for .bss
    app_util_platform.o(i.app_util_critical_region_enter) refers to app_util_platform.o(i.app_util_disable_irq) for app_util_disable_irq
    app_util_platform.o(i.app_util_critical_region_exit) refers to app_util_platform.o(i.app_util_enable_irq) for app_util_enable_irq
    app_util_platform.o(i.app_util_disable_irq) refers to app_util_platform.o(.data) for .data
    app_util_platform.o(i.app_util_enable_irq) refers to app_util_platform.o(.data) for .data
    nrf_assert.o(i.assert_nrf_callback) refers to app_error_weak.o(i.app_error_fault_handler) for app_error_fault_handler
    retarget.o(i.fgetc) refers to app_uart_fifo.o(i.app_uart_get) for app_uart_get
    retarget.o(i.fputc) refers to app_uart_fifo.o(i.app_uart_put) for app_uart_put
    app_timer.o(i.RTC1_IRQHandler) refers to app_timer.o(i.timer_timeouts_check) for timer_timeouts_check
    app_timer.o(i.SWI0_IRQHandler) refers to app_timer.o(i.timer_list_handler) for timer_list_handler
    app_timer.o(i.app_timer_create) refers to app_timer.o(.data) for .data
    app_timer.o(i.app_timer_init) refers to app_timer.o(i.rtc1_stop) for rtc1_stop
    app_timer.o(i.app_timer_init) refers to app_timer.o(i.NVIC_SetPriority) for NVIC_SetPriority
    app_timer.o(i.app_timer_init) refers to app_timer.o(.data) for .data
    app_timer.o(i.app_timer_start) refers to app_util_platform.o(i.app_util_critical_region_enter) for app_util_critical_region_enter
    app_timer.o(i.app_timer_start) refers to app_timer.o(i.user_op_alloc) for user_op_alloc
    app_timer.o(i.app_timer_start) refers to app_util_platform.o(i.app_util_critical_region_exit) for app_util_critical_region_exit
    app_timer.o(i.app_timer_start) refers to app_timer.o(i.timer_list_handler_sched) for timer_list_handler_sched
    app_timer.o(i.app_timer_start) refers to app_timer.o(.data) for .data
    app_timer.o(i.app_timer_stop) refers to app_timer.o(i.timer_stop_op_schedule) for timer_stop_op_schedule
    app_timer.o(i.app_timer_stop) refers to app_timer.o(.data) for .data
    app_timer.o(i.app_timer_stop_all) refers to app_timer.o(i.timer_stop_op_schedule) for timer_stop_op_schedule
    app_timer.o(i.app_timer_stop_all) refers to app_timer.o(.data) for .data
    app_timer.o(i.compare_reg_update) refers to app_timer.o(i.nrf_delay_us) for nrf_delay_us
    app_timer.o(i.compare_reg_update) refers to app_timer.o(i.rtc1_stop) for rtc1_stop
    app_timer.o(i.compare_reg_update) refers to app_timer.o(.data) for .data
    app_timer.o(i.elapsed_ticks_acquire) refers to app_timer.o(.data) for .data
    app_timer.o(i.list_deletions_handler) refers to app_timer.o(.data) for .data
    app_timer.o(i.list_insertions_handler) refers to app_timer.o(i.timer_list_insert) for timer_list_insert
    app_timer.o(i.list_insertions_handler) refers to app_timer.o(.data) for .data
    app_timer.o(i.nrf_delay_us) refers to system_nrf51.o(.data) for SystemCoreClock
    app_timer.o(i.rtc1_stop) refers to app_timer.o(i.nrf_delay_us) for nrf_delay_us
    app_timer.o(i.rtc1_stop) refers to app_timer.o(.data) for .data
    app_timer.o(i.timer_list_handler) refers to app_timer.o(i.elapsed_ticks_acquire) for elapsed_ticks_acquire
    app_timer.o(i.timer_list_handler) refers to app_timer.o(i.list_deletions_handler) for list_deletions_handler
    app_timer.o(i.timer_list_handler) refers to app_timer.o(i.list_insertions_handler) for list_insertions_handler
    app_timer.o(i.timer_list_handler) refers to app_timer.o(i.compare_reg_update) for compare_reg_update
    app_timer.o(i.timer_list_handler) refers to app_timer.o(.data) for .data
    app_timer.o(i.timer_list_insert) refers to app_timer.o(.data) for .data
    app_timer.o(i.timer_stop_op_schedule) refers to app_util_platform.o(i.app_util_critical_region_enter) for app_util_critical_region_enter
    app_timer.o(i.timer_stop_op_schedule) refers to app_timer.o(i.user_op_alloc) for user_op_alloc
    app_timer.o(i.timer_stop_op_schedule) refers to app_util_platform.o(i.app_util_critical_region_exit) for app_util_critical_region_exit
    app_timer.o(i.timer_stop_op_schedule) refers to app_timer.o(i.timer_list_handler_sched) for timer_list_handler_sched
    app_timer.o(i.timer_stop_op_schedule) refers to app_timer.o(.data) for .data
    app_timer.o(i.timer_timeouts_check) refers to app_error.o(i.app_error_handler_bare) for app_error_handler_bare
    app_timer.o(i.timer_timeouts_check) refers to app_timer.o(i.timer_list_handler_sched) for timer_list_handler_sched
    app_timer.o(i.timer_timeouts_check) refers to app_timer.o(.data) for .data
    app_timer.o(i.user_op_alloc) refers to app_timer.o(.data) for .data
    segger_rtt.o(i.SEGGER_RTT_ConfigDownBuffer) refers to segger_rtt.o(i._DoInit) for _DoInit
    segger_rtt.o(i.SEGGER_RTT_ConfigDownBuffer) refers to app_util_platform.o(i.app_util_critical_region_enter) for app_util_critical_region_enter
    segger_rtt.o(i.SEGGER_RTT_ConfigDownBuffer) refers to app_util_platform.o(i.app_util_critical_region_exit) for app_util_critical_region_exit
    segger_rtt.o(i.SEGGER_RTT_ConfigDownBuffer) refers to segger_rtt.o(.bss) for .bss
    segger_rtt.o(i.SEGGER_RTT_ConfigUpBuffer) refers to segger_rtt.o(i._DoInit) for _DoInit
    segger_rtt.o(i.SEGGER_RTT_ConfigUpBuffer) refers to app_util_platform.o(i.app_util_critical_region_enter) for app_util_critical_region_enter
    segger_rtt.o(i.SEGGER_RTT_ConfigUpBuffer) refers to app_util_platform.o(i.app_util_critical_region_exit) for app_util_critical_region_exit
    segger_rtt.o(i.SEGGER_RTT_ConfigUpBuffer) refers to segger_rtt.o(.bss) for .bss
    segger_rtt.o(i.SEGGER_RTT_GetKey) refers to segger_rtt.o(i.SEGGER_RTT_Read) for SEGGER_RTT_Read
    segger_rtt.o(i.SEGGER_RTT_HasData) refers to segger_rtt.o(.bss) for .bss
    segger_rtt.o(i.SEGGER_RTT_HasKey) refers to segger_rtt.o(i._DoInit) for _DoInit
    segger_rtt.o(i.SEGGER_RTT_HasKey) refers to segger_rtt.o(.bss) for .bss
    segger_rtt.o(i.SEGGER_RTT_Init) refers to segger_rtt.o(i._DoInit) for _DoInit
    segger_rtt.o(i.SEGGER_RTT_Init) refers to segger_rtt.o(.bss) for .bss
    segger_rtt.o(i.SEGGER_RTT_Read) refers to app_util_platform.o(i.app_util_critical_region_enter) for app_util_critical_region_enter
    segger_rtt.o(i.SEGGER_RTT_Read) refers to segger_rtt.o(i.SEGGER_RTT_ReadNoLock) for SEGGER_RTT_ReadNoLock
    segger_rtt.o(i.SEGGER_RTT_Read) refers to app_util_platform.o(i.app_util_critical_region_exit) for app_util_critical_region_exit
    segger_rtt.o(i.SEGGER_RTT_ReadNoLock) refers to segger_rtt.o(i._DoInit) for _DoInit
    segger_rtt.o(i.SEGGER_RTT_ReadNoLock) refers to memcpya.o(.text) for __aeabi_memcpy
    segger_rtt.o(i.SEGGER_RTT_ReadNoLock) refers to segger_rtt.o(.bss) for .bss
    segger_rtt.o(i.SEGGER_RTT_SetNameDownBuffer) refers to segger_rtt.o(i._DoInit) for _DoInit
    segger_rtt.o(i.SEGGER_RTT_SetNameDownBuffer) refers to app_util_platform.o(i.app_util_critical_region_enter) for app_util_critical_region_enter
    segger_rtt.o(i.SEGGER_RTT_SetNameDownBuffer) refers to app_util_platform.o(i.app_util_critical_region_exit) for app_util_critical_region_exit
    segger_rtt.o(i.SEGGER_RTT_SetNameDownBuffer) refers to segger_rtt.o(.bss) for .bss
    segger_rtt.o(i.SEGGER_RTT_SetNameUpBuffer) refers to segger_rtt.o(i._DoInit) for _DoInit
    segger_rtt.o(i.SEGGER_RTT_SetNameUpBuffer) refers to app_util_platform.o(i.app_util_critical_region_enter) for app_util_critical_region_enter
    segger_rtt.o(i.SEGGER_RTT_SetNameUpBuffer) refers to app_util_platform.o(i.app_util_critical_region_exit) for app_util_critical_region_exit
    segger_rtt.o(i.SEGGER_RTT_SetNameUpBuffer) refers to segger_rtt.o(.bss) for .bss
    segger_rtt.o(i.SEGGER_RTT_SetTerminal) refers to segger_rtt.o(i._DoInit) for _DoInit
    segger_rtt.o(i.SEGGER_RTT_SetTerminal) refers to app_util_platform.o(i.app_util_critical_region_enter) for app_util_critical_region_enter
    segger_rtt.o(i.SEGGER_RTT_SetTerminal) refers to segger_rtt.o(i._GetAvailWriteSpace) for _GetAvailWriteSpace
    segger_rtt.o(i.SEGGER_RTT_SetTerminal) refers to segger_rtt.o(i._WriteNoCheck) for _WriteNoCheck
    segger_rtt.o(i.SEGGER_RTT_SetTerminal) refers to segger_rtt.o(i._WriteBlocking) for _WriteBlocking
    segger_rtt.o(i.SEGGER_RTT_SetTerminal) refers to app_util_platform.o(i.app_util_critical_region_exit) for app_util_critical_region_exit
    segger_rtt.o(i.SEGGER_RTT_SetTerminal) refers to segger_rtt.o(.bss) for .bss
    segger_rtt.o(i.SEGGER_RTT_SetTerminal) refers to segger_rtt.o(.data) for .data
    segger_rtt.o(i.SEGGER_RTT_TerminalOut) refers to segger_rtt.o(i._DoInit) for _DoInit
    segger_rtt.o(i.SEGGER_RTT_TerminalOut) refers to strlen.o(.text) for strlen
    segger_rtt.o(i.SEGGER_RTT_TerminalOut) refers to app_util_platform.o(i.app_util_critical_region_enter) for app_util_critical_region_enter
    segger_rtt.o(i.SEGGER_RTT_TerminalOut) refers to segger_rtt.o(i._GetAvailWriteSpace) for _GetAvailWriteSpace
    segger_rtt.o(i.SEGGER_RTT_TerminalOut) refers to segger_rtt.o(i._PostTerminalSwitch) for _PostTerminalSwitch
    segger_rtt.o(i.SEGGER_RTT_TerminalOut) refers to segger_rtt.o(i._WriteBlocking) for _WriteBlocking
    segger_rtt.o(i.SEGGER_RTT_TerminalOut) refers to app_util_platform.o(i.app_util_critical_region_exit) for app_util_critical_region_exit
    segger_rtt.o(i.SEGGER_RTT_TerminalOut) refers to segger_rtt.o(.bss) for .bss
    segger_rtt.o(i.SEGGER_RTT_TerminalOut) refers to segger_rtt.o(.data) for .data
    segger_rtt.o(i.SEGGER_RTT_WaitKey) refers to segger_rtt.o(i.SEGGER_RTT_GetKey) for SEGGER_RTT_GetKey
    segger_rtt.o(i.SEGGER_RTT_Write) refers to segger_rtt.o(i._DoInit) for _DoInit
    segger_rtt.o(i.SEGGER_RTT_Write) refers to app_util_platform.o(i.app_util_critical_region_enter) for app_util_critical_region_enter
    segger_rtt.o(i.SEGGER_RTT_Write) refers to segger_rtt.o(i.SEGGER_RTT_WriteNoLock) for SEGGER_RTT_WriteNoLock
    segger_rtt.o(i.SEGGER_RTT_Write) refers to app_util_platform.o(i.app_util_critical_region_exit) for app_util_critical_region_exit
    segger_rtt.o(i.SEGGER_RTT_Write) refers to segger_rtt.o(.bss) for .bss
    segger_rtt.o(i.SEGGER_RTT_WriteNoLock) refers to segger_rtt.o(i._GetAvailWriteSpace) for _GetAvailWriteSpace
    segger_rtt.o(i.SEGGER_RTT_WriteNoLock) refers to segger_rtt.o(i._WriteNoCheck) for _WriteNoCheck
    segger_rtt.o(i.SEGGER_RTT_WriteNoLock) refers to segger_rtt.o(i._WriteBlocking) for _WriteBlocking
    segger_rtt.o(i.SEGGER_RTT_WriteNoLock) refers to segger_rtt.o(.bss) for .bss
    segger_rtt.o(i.SEGGER_RTT_WriteSkipNoLock) refers to memcpya.o(.text) for __aeabi_memcpy
    segger_rtt.o(i.SEGGER_RTT_WriteSkipNoLock) refers to segger_rtt.o(.bss) for .bss
    segger_rtt.o(i.SEGGER_RTT_WriteString) refers to strlen.o(.text) for strlen
    segger_rtt.o(i.SEGGER_RTT_WriteString) refers to segger_rtt.o(i.SEGGER_RTT_Write) for SEGGER_RTT_Write
    segger_rtt.o(i._DoInit) refers to strcpy.o(.text) for strcpy
    segger_rtt.o(i._DoInit) refers to segger_rtt.o(.bss) for .bss
    segger_rtt.o(i._PostTerminalSwitch) refers to segger_rtt.o(i._WriteBlocking) for _WriteBlocking
    segger_rtt.o(i._PostTerminalSwitch) refers to segger_rtt.o(.data) for .data
    segger_rtt.o(i._WriteBlocking) refers to memcpya.o(.text) for __aeabi_memcpy
    segger_rtt.o(i._WriteNoCheck) refers to memcpya.o(.text) for __aeabi_memcpy
    arm_startup_nrf51.o(RESET) refers to arm_startup_nrf51.o(STACK) for __initial_sp
    arm_startup_nrf51.o(RESET) refers to arm_startup_nrf51.o(.text) for Reset_Handler
    arm_startup_nrf51.o(RESET) refers to nrf_drv_clock.o(i.POWER_CLOCK_IRQHandler) for POWER_CLOCK_IRQHandler
    arm_startup_nrf51.o(RESET) refers to nrf_drv_uart.o(i.UART0_IRQHandler) for UART0_IRQHandler
    arm_startup_nrf51.o(RESET) refers to app_timer.o(i.RTC1_IRQHandler) for RTC1_IRQHandler
    arm_startup_nrf51.o(RESET) refers to app_timer.o(i.SWI0_IRQHandler) for SWI0_IRQHandler
    arm_startup_nrf51.o(.text) refers to system_nrf51.o(i.SystemInit) for SystemInit
    arm_startup_nrf51.o(.text) refers to entry.o(.ARM.Collect$$$$00000000) for __main
    system_nrf51.o(i.SystemCoreClockUpdate) refers to system_nrf51.o(.data) for .data
    system_nrf51.o(i.SystemInit) refers to system_nrf51.o(i.is_manual_peripheral_setup_needed) for is_manual_peripheral_setup_needed
    entry.o(.ARM.Collect$$$$00000000) refers (Special) to entry10a.o(.ARM.Collect$$$$0000000F) for __rt_final_cpp
    entry.o(.ARM.Collect$$$$00000000) refers (Special) to entry11a.o(.ARM.Collect$$$$00000011) for __rt_final_exit
    entry.o(.ARM.Collect$$$$00000000) refers (Special) to entry12b.o(.ARM.Collect$$$$0000000E) for __rt_lib_shutdown_fini
    entry.o(.ARM.Collect$$$$00000000) refers (Special) to entry7b.o(.ARM.Collect$$$$00000008) for _main_clock
    entry.o(.ARM.Collect$$$$00000000) refers (Special) to entry8b.o(.ARM.Collect$$$$0000000A) for _main_cpp_init
    entry.o(.ARM.Collect$$$$00000000) refers (Special) to entry9a.o(.ARM.Collect$$$$0000000B) for _main_init
    entry.o(.ARM.Collect$$$$00000000) refers (Special) to entry5.o(.ARM.Collect$$$$00000004) for _main_scatterload
    entry.o(.ARM.Collect$$$$00000000) refers (Special) to entry2.o(.ARM.Collect$$$$00000001) for _main_stk
    entry2.o(.ARM.Collect$$$$00000001) refers to entry2.o(.ARM.Collect$$$$00002712) for __lit__00000000
    entry2.o(.ARM.Collect$$$$00002712) refers to arm_startup_nrf51.o(STACK) for __initial_sp
    entry2.o(__vectab_stack_and_reset_area) refers to arm_startup_nrf51.o(STACK) for __initial_sp
    entry2.o(__vectab_stack_and_reset_area) refers to entry.o(.ARM.Collect$$$$00000000) for __main
    entry5.o(.ARM.Collect$$$$00000004) refers to init.o(.text) for __scatterload
    entry9a.o(.ARM.Collect$$$$0000000B) refers to main.o(i.main) for main
    entry9b.o(.ARM.Collect$$$$0000000C) refers to main.o(i.main) for main
    init.o(.text) refers to entry5.o(.ARM.Collect$$$$00000004) for __main_after_scatterload


==============================================================================

Removing Unused input sections from the image.

    Removing main.o(.rev16_text), (4 bytes).
    Removing main.o(.revsh_text), (4 bytes).
    Removing nrf51_uart.o(.rev16_text), (4 bytes).
    Removing nrf51_uart.o(.revsh_text), (4 bytes).
    Removing boards.o(.rev16_text), (4 bytes).
    Removing boards.o(.revsh_text), (4 bytes).
    Removing boards.o(i.bsp_board_button_idx_to_pin), (12 bytes).
    Removing boards.o(i.bsp_board_button_state_get), (32 bytes).
    Removing boards.o(i.bsp_board_buttons_init), (36 bytes).
    Removing boards.o(i.bsp_board_led_idx_to_pin), (12 bytes).
    Removing boards.o(i.bsp_board_led_invert), (32 bytes).
    Removing boards.o(i.bsp_board_led_off), (20 bytes).
    Removing boards.o(i.bsp_board_led_on), (20 bytes).
    Removing boards.o(i.bsp_board_led_state_get), (32 bytes).
    Removing boards.o(i.bsp_board_leds_init), (40 bytes).
    Removing boards.o(i.bsp_board_leds_off), (18 bytes).
    Removing boards.o(i.bsp_board_leds_on), (18 bytes).
    Removing boards.o(i.bsp_board_pin_to_button_idx), (36 bytes).
    Removing boards.o(i.bsp_board_pin_to_led_idx), (36 bytes).
    Removing boards.o(i.nrf_gpio_cfg), (40 bytes).
    Removing boards.o(i.nrf_gpio_pin_write), (24 bytes).
    Removing boards.o(.constdata), (12 bytes).
    Removing nrf_drv_common.o(.rev16_text), (4 bytes).
    Removing nrf_drv_common.o(.revsh_text), (4 bytes).
    Removing nrf_drv_common.o(i.nrf_drv_common_clock_irq_disable), (12 bytes).
    Removing nrf_drv_uart.o(.rev16_text), (4 bytes).
    Removing nrf_drv_uart.o(.revsh_text), (4 bytes).
    Removing nrf_drv_uart.o(i.nrf_drv_uart_errorsrc_get), (24 bytes).
    Removing nrf_drv_uart.o(i.nrf_drv_uart_rx_abort), (22 bytes).
    Removing nrf_drv_uart.o(i.nrf_drv_uart_rx_disable), (28 bytes).
    Removing nrf_drv_uart.o(i.nrf_drv_uart_tx_abort), (48 bytes).
    Removing nrf_drv_uart.o(i.nrf_drv_uart_uninit), (152 bytes).
    Removing nrf_drv_uart.o(i.nrf_gpio_cfg_default), (18 bytes).
    Removing nrf_drv_uart.o(.constdata), (18 bytes).
    Removing nrf_drv_uart.o(.constdata), (25 bytes).
    Removing nrf_drv_uart.o(.constdata), (16 bytes).
    Removing nrf_drv_uart.o(.constdata), (25 bytes).
    Removing nrf_drv_uart.o(.constdata), (16 bytes).
    Removing nrf_drv_clock.o(.rev16_text), (4 bytes).
    Removing nrf_drv_clock.o(.revsh_text), (4 bytes).
    Removing nrf_drv_clock.o(i.hfclk_stop), (32 bytes).
    Removing nrf_drv_clock.o(i.lfclk_stop), (36 bytes).
    Removing nrf_drv_clock.o(i.nrf_clock_hf_is_running), (32 bytes).
    Removing nrf_drv_clock.o(i.nrf_drv_clock_calibration_abort), (4 bytes).
    Removing nrf_drv_clock.o(i.nrf_drv_clock_calibration_start), (4 bytes).
    Removing nrf_drv_clock.o(i.nrf_drv_clock_hfclk_is_running), (10 bytes).
    Removing nrf_drv_clock.o(i.nrf_drv_clock_hfclk_release), (40 bytes).
    Removing nrf_drv_clock.o(i.nrf_drv_clock_hfclk_request), (100 bytes).
    Removing nrf_drv_clock.o(i.nrf_drv_clock_init_check), (12 bytes).
    Removing nrf_drv_clock.o(i.nrf_drv_clock_is_calibrating), (4 bytes).
    Removing nrf_drv_clock.o(i.nrf_drv_clock_lfclk_is_running), (16 bytes).
    Removing nrf_drv_clock.o(i.nrf_drv_clock_lfclk_release), (40 bytes).
    Removing nrf_drv_clock.o(i.nrf_drv_clock_uninit), (40 bytes).
    Removing nrf_drv_clock.o(.constdata), (19 bytes).
    Removing nrf_drv_clock.o(.constdata), (32 bytes).
    Removing nrf_drv_clock.o(.constdata), (32 bytes).
    Removing nrf_drv_clock.o(.constdata), (29 bytes).
    Removing app_error.o(.rev16_text), (4 bytes).
    Removing app_error.o(.revsh_text), (4 bytes).
    Removing app_error.o(i.app_error_handler), (28 bytes).
    Removing app_error.o(i.app_error_save_and_stop), (100 bytes).
    Removing app_error.o(.bss), (32 bytes).
    Removing app_error_weak.o(.rev16_text), (4 bytes).
    Removing app_error_weak.o(.revsh_text), (4 bytes).
    Removing app_fifo.o(.rev16_text), (4 bytes).
    Removing app_fifo.o(.revsh_text), (4 bytes).
    Removing app_fifo.o(i.app_fifo_flush), (8 bytes).
    Removing app_fifo.o(i.app_fifo_peek), (34 bytes).
    Removing app_fifo.o(i.app_fifo_read), (72 bytes).
    Removing app_fifo.o(i.app_fifo_write), (78 bytes).
    Removing app_uart_fifo.o(.rev16_text), (4 bytes).
    Removing app_uart_fifo.o(.revsh_text), (4 bytes).
    Removing app_uart_fifo.o(i.app_uart_close), (16 bytes).
    Removing app_uart_fifo.o(i.app_uart_flush), (28 bytes).
    Removing app_util_platform.o(.rev16_text), (4 bytes).
    Removing app_util_platform.o(.revsh_text), (4 bytes).
    Removing nrf_assert.o(.rev16_text), (4 bytes).
    Removing nrf_assert.o(.revsh_text), (4 bytes).
    Removing nrf_assert.o(i.assert_nrf_callback), (24 bytes).
    Removing retarget.o(.rev16_text), (4 bytes).
    Removing retarget.o(.revsh_text), (4 bytes).
    Removing retarget.o(i.fgetc), (18 bytes).
    Removing retarget.o(i.fputc), (14 bytes).
    Removing retarget.o(.data), (4 bytes).
    Removing retarget.o(.data), (4 bytes).
    Removing app_timer.o(.rev16_text), (4 bytes).
    Removing app_timer.o(.revsh_text), (4 bytes).
    Removing app_timer.o(i.app_timer_cnt_diff_compute), (12 bytes).
    Removing app_timer.o(i.app_timer_cnt_get), (12 bytes).
    Removing app_timer.o(i.app_timer_stop), (40 bytes).
    Removing app_timer.o(i.app_timer_stop_all), (28 bytes).
    Removing app_timer.o(i.timer_stop_op_schedule), (64 bytes).
    Removing nrf_log_backend_serial.o(.rev16_text), (4 bytes).
    Removing nrf_log_backend_serial.o(.revsh_text), (4 bytes).
    Removing nrf_log_frontend.o(.rev16_text), (4 bytes).
    Removing nrf_log_frontend.o(.revsh_text), (4 bytes).
    Removing segger_rtt.o(.rev16_text), (4 bytes).
    Removing segger_rtt.o(.revsh_text), (4 bytes).
    Removing segger_rtt.o(i.SEGGER_RTT_ConfigDownBuffer), (88 bytes).
    Removing segger_rtt.o(i.SEGGER_RTT_ConfigUpBuffer), (88 bytes).
    Removing segger_rtt.o(i.SEGGER_RTT_GetKey), (28 bytes).
    Removing segger_rtt.o(i.SEGGER_RTT_HasData), (20 bytes).
    Removing segger_rtt.o(i.SEGGER_RTT_HasKey), (36 bytes).
    Removing segger_rtt.o(i.SEGGER_RTT_Init), (20 bytes).
    Removing segger_rtt.o(i.SEGGER_RTT_Read), (38 bytes).
    Removing segger_rtt.o(i.SEGGER_RTT_ReadNoLock), (128 bytes).
    Removing segger_rtt.o(i.SEGGER_RTT_SetNameDownBuffer), (60 bytes).
    Removing segger_rtt.o(i.SEGGER_RTT_SetNameUpBuffer), (60 bytes).
    Removing segger_rtt.o(i.SEGGER_RTT_SetTerminal), (128 bytes).
    Removing segger_rtt.o(i.SEGGER_RTT_TerminalOut), (168 bytes).
    Removing segger_rtt.o(i.SEGGER_RTT_WaitKey), (12 bytes).
    Removing segger_rtt.o(i.SEGGER_RTT_Write), (56 bytes).
    Removing segger_rtt.o(i.SEGGER_RTT_WriteNoLock), (92 bytes).
    Removing segger_rtt.o(i.SEGGER_RTT_WriteSkipNoLock), (108 bytes).
    Removing segger_rtt.o(i.SEGGER_RTT_WriteString), (24 bytes).
    Removing segger_rtt.o(i._DoInit), (104 bytes).
    Removing segger_rtt.o(i._GetAvailWriteSpace), (22 bytes).
    Removing segger_rtt.o(i._PostTerminalSwitch), (32 bytes).
    Removing segger_rtt.o(i._WriteBlocking), (96 bytes).
    Removing segger_rtt.o(i._WriteNoCheck), (60 bytes).
    Removing segger_rtt.o(.bss), (200 bytes).
    Removing segger_rtt.o(.data), (17 bytes).
    Removing arm_startup_nrf51.o(HEAP), (2048 bytes).
    Removing system_nrf51.o(.rev16_text), (4 bytes).
    Removing system_nrf51.o(.revsh_text), (4 bytes).
    Removing system_nrf51.o(i.SystemCoreClockUpdate), (16 bytes).

126 unused section(s) (total 5815 bytes) removed from the image.

==============================================================================

Image Symbol Table

    Local Symbols

    Symbol Name                              Value     Ov Type        Size  Object(Section)

    RESET                                    0x00000000   Section      192  arm_startup_nrf51.o(RESET)
    ../clib/microlib/init/entry.s            0x00000000   Number         0  entry12b.o ABSOLUTE
    ../clib/microlib/init/entry.s            0x00000000   Number         0  entry7a.o ABSOLUTE
    ../clib/microlib/init/entry.s            0x00000000   Number         0  entry8b.o ABSOLUTE
    ../clib/microlib/init/entry.s            0x00000000   Number         0  entry8a.o ABSOLUTE
    ../clib/microlib/init/entry.s            0x00000000   Number         0  entry.o ABSOLUTE
    ../clib/microlib/init/entry.s            0x00000000   Number         0  entry12a.o ABSOLUTE
    ../clib/microlib/init/entry.s            0x00000000   Number         0  entry11b.o ABSOLUTE
    ../clib/microlib/init/entry.s            0x00000000   Number         0  entry2.o ABSOLUTE
    ../clib/microlib/init/entry.s            0x00000000   Number         0  entry11a.o ABSOLUTE
    ../clib/microlib/init/entry.s            0x00000000   Number         0  entry10b.o ABSOLUTE
    ../clib/microlib/init/entry.s            0x00000000   Number         0  entry5.o ABSOLUTE
    ../clib/microlib/init/entry.s            0x00000000   Number         0  entry10a.o ABSOLUTE
    ../clib/microlib/init/entry.s            0x00000000   Number         0  entry9b.o ABSOLUTE
    ../clib/microlib/init/entry.s            0x00000000   Number         0  entry7b.o ABSOLUTE
    ../clib/microlib/init/entry.s            0x00000000   Number         0  entry9a.o ABSOLUTE
    ../clib/microlib/string/memcpy.c         0x00000000   Number         0  memcpya.o ABSOLUTE
    ../clib/microlib/string/memcpy.c         0x00000000   Number         0  memcpyb.o ABSOLUTE
    ../clib/microlib/string/memset.c         0x00000000   Number         0  memseta.o ABSOLUTE
    ../clib/microlib/string/strcpy.c         0x00000000   Number         0  strcpy.o ABSOLUTE
    ../clib/microlib/string/strlen.c         0x00000000   Number         0  strlen.o ABSOLUTE
    ..\..\..\..\..\..\components\boards\boards.c 0x00000000   Number         0  boards.o ABSOLUTE
    ..\..\..\..\..\..\components\drivers_nrf\clock\nrf_drv_clock.c 0x00000000   Number         0  nrf_drv_clock.o ABSOLUTE
    ..\..\..\..\..\..\components\drivers_nrf\common\nrf_drv_common.c 0x00000000   Number         0  nrf_drv_common.o ABSOLUTE
    ..\..\..\..\..\..\components\drivers_nrf\uart\nrf_drv_uart.c 0x00000000   Number         0  nrf_drv_uart.o ABSOLUTE
    ..\..\..\..\..\..\components\libraries\fifo\app_fifo.c 0x00000000   Number         0  app_fifo.o ABSOLUTE
    ..\..\..\..\..\..\components\libraries\log\src\nrf_log_backend_serial.c 0x00000000   Number         0  nrf_log_backend_serial.o ABSOLUTE
    ..\..\..\..\..\..\components\libraries\log\src\nrf_log_frontend.c 0x00000000   Number         0  nrf_log_frontend.o ABSOLUTE
    ..\..\..\..\..\..\components\libraries\timer\app_timer.c 0x00000000   Number         0  app_timer.o ABSOLUTE
    ..\..\..\..\..\..\components\libraries\uart\app_uart_fifo.c 0x00000000   Number         0  app_uart_fifo.o ABSOLUTE
    ..\..\..\..\..\..\components\libraries\uart\retarget.c 0x00000000   Number         0  retarget.o ABSOLUTE
    ..\..\..\..\..\..\components\libraries\util\app_error.c 0x00000000   Number         0  app_error.o ABSOLUTE
    ..\..\..\..\..\..\components\libraries\util\app_error_weak.c 0x00000000   Number         0  app_error_weak.o ABSOLUTE
    ..\..\..\..\..\..\components\libraries\util\app_util_platform.c 0x00000000   Number         0  app_util_platform.o ABSOLUTE
    ..\..\..\..\..\..\components\libraries\util\nrf_assert.c 0x00000000   Number         0  nrf_assert.o ABSOLUTE
    ..\..\..\..\..\..\components\libraries\util\sdk_errors.c 0x00000000   Number         0  sdk_errors.o ABSOLUTE
    ..\..\..\..\..\..\external\segger_rtt\RTT_Syscalls_KEIL.c 0x00000000   Number         0  rtt_syscalls_keil.o ABSOLUTE
    ..\..\..\..\..\..\external\segger_rtt\SEGGER_RTT.c 0x00000000   Number         0  segger_rtt.o ABSOLUTE
    ..\..\..\..\..\..\external\segger_rtt\SEGGER_RTT_printf.c 0x00000000   Number         0  segger_rtt_printf.o ABSOLUTE
    ..\..\..\main.c                          0x00000000   Number         0  main.o ABSOLUTE
    ..\..\..\nrf51_uart.c                    0x00000000   Number         0  nrf51_uart.o ABSOLUTE
    ..\\..\\..\\..\\..\\..\\components\\boards\\boards.c 0x00000000   Number         0  boards.o ABSOLUTE
    ..\\..\\..\\..\\..\\..\\components\\drivers_nrf\\clock\\nrf_drv_clock.c 0x00000000   Number         0  nrf_drv_clock.o ABSOLUTE
    ..\\..\\..\\..\\..\\..\\components\\drivers_nrf\\common\\nrf_drv_common.c 0x00000000   Number         0  nrf_drv_common.o ABSOLUTE
    ..\\..\\..\\..\\..\\..\\components\\drivers_nrf\\uart\\nrf_drv_uart.c 0x00000000   Number         0  nrf_drv_uart.o ABSOLUTE
    ..\\..\\..\\..\\..\\..\\components\\libraries\\fifo\\app_fifo.c 0x00000000   Number         0  app_fifo.o ABSOLUTE
    ..\\..\\..\\..\\..\\..\\components\\libraries\\log\\src\\nrf_log_backend_serial.c 0x00000000   Number         0  nrf_log_backend_serial.o ABSOLUTE
    ..\\..\\..\\..\\..\\..\\components\\libraries\\log\\src\\nrf_log_frontend.c 0x00000000   Number         0  nrf_log_frontend.o ABSOLUTE
    ..\\..\\..\\..\\..\\..\\components\\libraries\\timer\\app_timer.c 0x00000000   Number         0  app_timer.o ABSOLUTE
    ..\\..\\..\\..\\..\\..\\components\\libraries\\uart\\app_uart_fifo.c 0x00000000   Number         0  app_uart_fifo.o ABSOLUTE
    ..\\..\\..\\..\\..\\..\\components\\libraries\\uart\\retarget.c 0x00000000   Number         0  retarget.o ABSOLUTE
    ..\\..\\..\\..\\..\\..\\components\\libraries\\util\\app_error.c 0x00000000   Number         0  app_error.o ABSOLUTE
    ..\\..\\..\\..\\..\\..\\components\\libraries\\util\\app_error_weak.c 0x00000000   Number         0  app_error_weak.o ABSOLUTE
    ..\\..\\..\\..\\..\\..\\components\\libraries\\util\\app_util_platform.c 0x00000000   Number         0  app_util_platform.o ABSOLUTE
    ..\\..\\..\\..\\..\\..\\components\\libraries\\util\\nrf_assert.c 0x00000000   Number         0  nrf_assert.o ABSOLUTE
    ..\\..\\..\\..\\..\\..\\external\\segger_rtt\\SEGGER_RTT.c 0x00000000   Number         0  segger_rtt.o ABSOLUTE
    ..\\..\\..\\main.c                       0x00000000   Number         0  main.o ABSOLUTE
    ..\\..\\..\\nrf51_uart.c                 0x00000000   Number         0  nrf51_uart.o ABSOLUTE
    RTE\Device\nRF51422_xxAC\arm_startup_nrf51.s 0x00000000   Number         0  arm_startup_nrf51.o ABSOLUTE
    RTE\Device\nRF51422_xxAC\system_nrf51.c  0x00000000   Number         0  system_nrf51.o ABSOLUTE
    RTE\\Device\\nRF51422_xxAC\\system_nrf51.c 0x00000000   Number         0  system_nrf51.o ABSOLUTE
    dc.s                                     0x00000000   Number         0  dc.o ABSOLUTE
    handlers.s                               0x00000000   Number         0  handlers.o ABSOLUTE
    init.s                                   0x00000000   Number         0  init.o ABSOLUTE
    .ARM.Collect$$$$00000000                 0x000000c0   Section        0  entry.o(.ARM.Collect$$$$00000000)
    .ARM.Collect$$$$00000001                 0x000000c0   Section        4  entry2.o(.ARM.Collect$$$$00000001)
    .ARM.Collect$$$$00000004                 0x000000c4   Section        4  entry5.o(.ARM.Collect$$$$00000004)
    .ARM.Collect$$$$00000008                 0x000000c8   Section        0  entry7b.o(.ARM.Collect$$$$00000008)
    .ARM.Collect$$$$0000000A                 0x000000c8   Section        0  entry8b.o(.ARM.Collect$$$$0000000A)
    .ARM.Collect$$$$0000000B                 0x000000c8   Section        8  entry9a.o(.ARM.Collect$$$$0000000B)
    .ARM.Collect$$$$0000000E                 0x000000d0   Section        4  entry12b.o(.ARM.Collect$$$$0000000E)
    .ARM.Collect$$$$0000000F                 0x000000d4   Section        0  entry10a.o(.ARM.Collect$$$$0000000F)
    .ARM.Collect$$$$00000011                 0x000000d4   Section        0  entry11a.o(.ARM.Collect$$$$00000011)
    .ARM.Collect$$$$00002712                 0x000000d4   Section        4  entry2.o(.ARM.Collect$$$$00002712)
    __lit__00000000                          0x000000d4   Data           4  entry2.o(.ARM.Collect$$$$00002712)
    .text                                    0x000000d8   Section       56  arm_startup_nrf51.o(.text)
    .text                                    0x00000110   Section        0  memcpya.o(.text)
    .text                                    0x00000134   Section        0  memseta.o(.text)
    .text                                    0x00000158   Section       36  init.o(.text)
    i.NVIC_SetPriority                       0x0000017c   Section        0  app_timer.o(i.NVIC_SetPriority)
    NVIC_SetPriority                         0x0000017d   Thumb Code    60  app_timer.o(i.NVIC_SetPriority)
    i.POWER_CLOCK_IRQHandler                 0x000001c0   Section        0  nrf_drv_clock.o(i.POWER_CLOCK_IRQHandler)
    i.RTC1_IRQHandler                        0x00000214   Section        0  app_timer.o(i.RTC1_IRQHandler)
    i.SWI0_IRQHandler                        0x00000234   Section        0  app_timer.o(i.SWI0_IRQHandler)
    i.SystemInit                             0x0000023c   Section        0  system_nrf51.o(i.SystemInit)
    i.UART0_IRQHandler                       0x000002dc   Section        0  nrf_drv_uart.o(i.UART0_IRQHandler)
    i.__scatterload_copy                     0x000002f0   Section       14  handlers.o(i.__scatterload_copy)
    i.__scatterload_null                     0x000002fe   Section        2  handlers.o(i.__scatterload_null)
    i.__scatterload_zeroinit                 0x00000300   Section       14  handlers.o(i.__scatterload_zeroinit)
    i.app_error_fault_handler                0x00000310   Section        0  app_error_weak.o(i.app_error_fault_handler)
    i.app_error_handler_bare                 0x0000032c   Section        0  app_error.o(i.app_error_handler_bare)
    i.app_fifo_get                           0x00000344   Section        0  app_fifo.o(i.app_fifo_get)
    i.app_fifo_init                          0x0000035a   Section        0  app_fifo.o(i.app_fifo_init)
    i.app_fifo_put                           0x0000037e   Section        0  app_fifo.o(i.app_fifo_put)
    i.app_timer_create                       0x00000398   Section        0  app_timer.o(i.app_timer_create)
    i.app_timer_init                         0x000003c8   Section        0  app_timer.o(i.app_timer_init)
    i.app_timer_start                        0x00000430   Section        0  app_timer.o(i.app_timer_start)
    i.app_uart_get                           0x000004b0   Section        0  app_uart_fifo.o(i.app_uart_get)
    i.app_uart_init                          0x000004e8   Section        0  app_uart_fifo.o(i.app_uart_init)
    i.app_uart_put                           0x00000598   Section        0  app_uart_fifo.o(i.app_uart_put)
    i.app_util_critical_region_enter         0x000005d8   Section        0  app_util_platform.o(i.app_util_critical_region_enter)
    i.app_util_critical_region_exit          0x000005e0   Section        0  app_util_platform.o(i.app_util_critical_region_exit)
    i.app_util_disable_irq                   0x000005e8   Section        0  app_util_platform.o(i.app_util_disable_irq)
    i.app_util_enable_irq                    0x000005f8   Section        0  app_util_platform.o(i.app_util_enable_irq)
    i.apply_config                           0x0000060c   Section        0  nrf_drv_uart.o(i.apply_config)
    apply_config                             0x0000060d   Thumb Code   128  nrf_drv_uart.o(i.apply_config)
    i.clock_clk_started_notify               0x00000690   Section        0  nrf_drv_clock.o(i.clock_clk_started_notify)
    clock_clk_started_notify                 0x00000691   Thumb Code    34  nrf_drv_clock.o(i.clock_clk_started_notify)
    i.compare_reg_update                     0x000006b8   Section        0  app_timer.o(i.compare_reg_update)
    compare_reg_update                       0x000006b9   Thumb Code   142  app_timer.o(i.compare_reg_update)
    i.elapsed_ticks_acquire                  0x00000760   Section        0  app_timer.o(i.elapsed_ticks_acquire)
    elapsed_ticks_acquire                    0x00000761   Thumb Code    58  app_timer.o(i.elapsed_ticks_acquire)
    i.fifo_get                               0x000007a0   Section        0  app_fifo.o(i.fifo_get)
    fifo_get                                 0x000007a1   Thumb Code    20  app_fifo.o(i.fifo_get)
    i.fifo_put                               0x000007b4   Section        0  app_fifo.o(i.fifo_put)
    fifo_put                                 0x000007b5   Thumb Code    18  app_fifo.o(i.fifo_put)
    i.is_manual_peripheral_setup_needed      0x000007c8   Section        0  system_nrf51.o(i.is_manual_peripheral_setup_needed)
    is_manual_peripheral_setup_needed        0x000007c9   Thumb Code    66  system_nrf51.o(i.is_manual_peripheral_setup_needed)
    i.item_enqueue                           0x00000810   Section        0  nrf_drv_clock.o(i.item_enqueue)
    item_enqueue                             0x00000811   Thumb Code    22  nrf_drv_clock.o(i.item_enqueue)
    i.list_deletions_handler                 0x00000828   Section        0  app_timer.o(i.list_deletions_handler)
    list_deletions_handler                   0x00000829   Thumb Code   162  app_timer.o(i.list_deletions_handler)
    i.list_insertions_handler                0x000008d4   Section        0  app_timer.o(i.list_insertions_handler)
    list_insertions_handler                  0x000008d5   Thumb Code   178  app_timer.o(i.list_insertions_handler)
    i.main                                   0x00000990   Section        0  main.o(i.main)
    i.nrf51_uart_init                        0x00000a1c   Section        0  nrf51_uart.o(i.nrf51_uart_init)
    i.nrf51_uart_setCallback                 0x00000a60   Section        0  nrf51_uart.o(i.nrf51_uart_setCallback)
    i.nrf51_uart_tx                          0x00000a70   Section        0  nrf51_uart.o(i.nrf51_uart_tx)
    i.nrf_clock_event_check                  0x00000a8c   Section        0  nrf_drv_clock.o(i.nrf_clock_event_check)
    nrf_clock_event_check                    0x00000a8d   Thumb Code    16  nrf_drv_clock.o(i.nrf_clock_event_check)
    i.nrf_delay_us                           0x00000a9c   Section        0  app_timer.o(i.nrf_delay_us)
    nrf_delay_us                             0x00000a9d   Thumb Code    38  app_timer.o(i.nrf_delay_us)
    i.nrf_drv_clock_init                     0x00000acc   Section        0  nrf_drv_clock.o(i.nrf_drv_clock_init)
    i.nrf_drv_clock_lfclk_request            0x00000b0c   Section        0  nrf_drv_clock.o(i.nrf_drv_clock_lfclk_request)
    i.nrf_drv_common_irq_enable              0x00000b70   Section        0  nrf_drv_common.o(i.nrf_drv_common_irq_enable)
    i.nrf_drv_uart_init                      0x00000bd0   Section        0  nrf_drv_uart.o(i.nrf_drv_uart_init)
    i.nrf_drv_uart_rx                        0x00000c50   Section        0  nrf_drv_uart.o(i.nrf_drv_uart_rx)
    i.nrf_drv_uart_rx_enable                 0x00000cac   Section        0  nrf_drv_uart.o(i.nrf_drv_uart_rx_enable)
    i.nrf_drv_uart_rx_for_uart               0x00000cd8   Section        0  nrf_drv_uart.o(i.nrf_drv_uart_rx_for_uart)
    nrf_drv_uart_rx_for_uart                 0x00000cd9   Thumb Code   164  nrf_drv_uart.o(i.nrf_drv_uart_rx_for_uart)
    i.nrf_drv_uart_tx                        0x00000d80   Section        0  nrf_drv_uart.o(i.nrf_drv_uart_tx)
    i.nrf_drv_uart_tx_for_uart               0x00000db4   Section        0  nrf_drv_uart.o(i.nrf_drv_uart_tx_for_uart)
    nrf_drv_uart_tx_for_uart                 0x00000db5   Thumb Code   134  nrf_drv_uart.o(i.nrf_drv_uart_tx_for_uart)
    i.nrf_drv_uart_tx_in_progress            0x00000e40   Section        0  nrf_drv_uart.o(i.nrf_drv_uart_tx_in_progress)
    i.nrf_gpio_cfg                           0x00000e58   Section        0  nrf_drv_uart.o(i.nrf_gpio_cfg)
    nrf_gpio_cfg                             0x00000e59   Thumb Code    40  nrf_drv_uart.o(i.nrf_gpio_cfg)
    i.nrf_gpio_cfg_input                     0x00000e80   Section        0  nrf_drv_uart.o(i.nrf_gpio_cfg_input)
    nrf_gpio_cfg_input                       0x00000e81   Thumb Code    18  nrf_drv_uart.o(i.nrf_gpio_cfg_input)
    i.nrf_gpio_cfg_output                    0x00000e92   Section        0  nrf_drv_uart.o(i.nrf_gpio_cfg_output)
    nrf_gpio_cfg_output                      0x00000e93   Thumb Code    20  nrf_drv_uart.o(i.nrf_gpio_cfg_output)
    i.nrf_uart_event_check                   0x00000ea6   Section        0  nrf_drv_uart.o(i.nrf_uart_event_check)
    nrf_uart_event_check                     0x00000ea7   Thumb Code    10  nrf_drv_uart.o(i.nrf_uart_event_check)
    i.nrf_uart_int_enable_check              0x00000eb0   Section        0  nrf_drv_uart.o(i.nrf_uart_int_enable_check)
    nrf_uart_int_enable_check                0x00000eb1   Thumb Code    16  nrf_drv_uart.o(i.nrf_uart_int_enable_check)
    i.repeated_timer_handler                 0x00000ec0   Section        0  main.o(i.repeated_timer_handler)
    repeated_timer_handler                   0x00000ec1   Thumb Code    20  main.o(i.repeated_timer_handler)
    i.repeated_timer_handler_1               0x00000ed8   Section        0  main.o(i.repeated_timer_handler_1)
    repeated_timer_handler_1                 0x00000ed9   Thumb Code    12  main.o(i.repeated_timer_handler_1)
    i.rtc1_stop                              0x00000eec   Section        0  app_timer.o(i.rtc1_stop)
    rtc1_stop                                0x00000eed   Thumb Code    50  app_timer.o(i.rtc1_stop)
    i.rx_byte                                0x00000f30   Section        0  nrf_drv_uart.o(i.rx_byte)
    rx_byte                                  0x00000f31   Thumb Code    38  nrf_drv_uart.o(i.rx_byte)
    i.rx_done_event                          0x00000f56   Section        0  nrf_drv_uart.o(i.rx_done_event)
    rx_done_event                            0x00000f57   Thumb Code    20  nrf_drv_uart.o(i.rx_done_event)
    i.rx_enable                              0x00000f6a   Section        0  nrf_drv_uart.o(i.rx_enable)
    rx_enable                                0x00000f6b   Thumb Code    26  nrf_drv_uart.o(i.rx_enable)
    i.timer_list_handler                     0x00000f84   Section        0  app_timer.o(i.timer_list_handler)
    timer_list_handler                       0x00000f85   Thumb Code   128  app_timer.o(i.timer_list_handler)
    i.timer_list_handler_sched               0x00001008   Section        0  app_timer.o(i.timer_list_handler_sched)
    timer_list_handler_sched                 0x00001009   Thumb Code    10  app_timer.o(i.timer_list_handler_sched)
    i.timer_list_insert                      0x00001018   Section        0  app_timer.o(i.timer_list_insert)
    timer_list_insert                        0x00001019   Thumb Code    60  app_timer.o(i.timer_list_insert)
    i.timer_timeouts_check                   0x00001058   Section        0  app_timer.o(i.timer_timeouts_check)
    timer_timeouts_check                     0x00001059   Thumb Code   118  app_timer.o(i.timer_timeouts_check)
    i.tx_byte                                0x000010d8   Section        0  nrf_drv_uart.o(i.tx_byte)
    tx_byte                                  0x000010d9   Thumb Code    30  nrf_drv_uart.o(i.tx_byte)
    i.tx_done_event                          0x000010f6   Section        0  nrf_drv_uart.o(i.tx_done_event)
    tx_done_event                            0x000010f7   Thumb Code    24  nrf_drv_uart.o(i.tx_done_event)
    i.uart_event_handler                     0x00001110   Section        0  app_uart_fifo.o(i.uart_event_handler)
    uart_event_handler                       0x00001111   Thumb Code   158  app_uart_fifo.o(i.uart_event_handler)
    i.uart_handle                            0x000011b8   Section        0  nrf51_uart.o(i.uart_handle)
    uart_handle                              0x000011b9   Thumb Code    74  nrf51_uart.o(i.uart_handle)
    i.uart_irq_handler                       0x0000120c   Section        0  nrf_drv_uart.o(i.uart_irq_handler)
    uart_irq_handler                         0x0000120d   Thumb Code   296  nrf_drv_uart.o(i.uart_irq_handler)
    i.uart_rcv_callback                      0x00001334   Section        0  main.o(i.uart_rcv_callback)
    i.user_op_alloc                          0x0000133c   Section        0  app_timer.o(i.user_op_alloc)
    user_op_alloc                            0x0000133d   Thumb Code    40  app_timer.o(i.user_op_alloc)
    .constdata                               0x00001368   Section        8  main.o(.constdata)
    m_repeated_timer_id                      0x00001368   Data           4  main.o(.constdata)
    m_repeated_timer_id_1                    0x0000136c   Data           4  main.o(.constdata)
    .constdata                               0x00001370   Section       24  nrf51_uart.o(.constdata)
    .constdata                               0x00001388   Section       32  app_uart_fifo.o(.constdata)
    .data                                    0x20000000   Section        8  nrf51_uart.o(.data)
    nrf51_uart_rcv_callback                  0x20000004   Data           4  nrf51_uart.o(.data)
    .data                                    0x20000008   Section       16  app_uart_fifo.o(.data)
    tx_buffer                                0x20000008   Data           1  app_uart_fifo.o(.data)
    rx_buffer                                0x20000009   Data           1  app_uart_fifo.o(.data)
    m_rx_ovf                                 0x2000000a   Data           1  app_uart_fifo.o(.data)
    m_event_handler                          0x2000000c   Data           4  app_uart_fifo.o(.data)
    app_uart_inst                            0x20000010   Data           8  app_uart_fifo.o(.data)
    .data                                    0x20000018   Section        4  app_util_platform.o(.data)
    m_in_critical_region                     0x20000018   Data           4  app_util_platform.o(.data)
    .data                                    0x2000001c   Section       32  app_timer.o(.data)
    m_ticks_elapsed_q_read_ind               0x2000001c   Data           1  app_timer.o(.data)
    m_ticks_elapsed_q_write_ind              0x2000001d   Data           1  app_timer.o(.data)
    m_rtc1_running                           0x2000001e   Data           1  app_timer.o(.data)
    m_rtc1_reset                             0x2000001f   Data           1  app_timer.o(.data)
    mp_timer_id_head                         0x20000020   Data           4  app_timer.o(.data)
    m_ticks_latest                           0x20000024   Data           4  app_timer.o(.data)
    m_evt_schedule_func                      0x20000028   Data           4  app_timer.o(.data)
    m_op_queue                               0x2000002c   Data           8  app_timer.o(.data)
    m_ticks_elapsed                          0x20000034   Data           8  app_timer.o(.data)
    .data                                    0x2000003c   Section        4  system_nrf51.o(.data)
    __tagsym$$used                           0x2000003c   Number         0  system_nrf51.o(.data)
    .bss                                     0x20000040   Section       32  main.o(.bss)
    m_repeated_timer_id_data                 0x20000040   Data          32  main.o(.bss)
    .bss                                     0x20000060   Section       32  main.o(.bss)
    m_repeated_timer_id_1_data               0x20000060   Data          32  main.o(.bss)
    .bss                                     0x20000080   Section       96  main.o(.bss)
    APP_TIMER_BUF                            0x20000080   Data          96  main.o(.bss)
    .bss                                     0x200000e0   Section      612  nrf51_uart.o(.bss)
    rx_buf                                   0x200000e0   Data         256  nrf51_uart.o(.bss)
    tx_buf                                   0x200001e0   Data         256  nrf51_uart.o(.bss)
    .bss                                     0x20000344   Section       28  nrf_drv_uart.o(.bss)
    m_cb                                     0x20000344   Data          28  nrf_drv_uart.o(.bss)
    .bss                                     0x20000360   Section       20  nrf_drv_clock.o(.bss)
    m_clock_cb                               0x20000360   Data          20  nrf_drv_clock.o(.bss)
    .bss                                     0x20000374   Section       32  app_uart_fifo.o(.bss)
    m_rx_fifo                                0x20000374   Data          16  app_uart_fifo.o(.bss)
    m_tx_fifo                                0x20000384   Data          16  app_uart_fifo.o(.bss)
    STACK                                    0x20000398   Section     2048  arm_startup_nrf51.o(STACK)

    Global Symbols

    Symbol Name                              Value     Ov Type        Size  Object(Section)

    BuildAttributes$$THM_ISAv3M$S$PE$A:L22$X:L11$S22$IEEE1$IW$USESV6$~STKCKD$USESV7$~SHL$OSPACE$EBA8$MICROLIB$REQ8$PRES8$EABIv2 0x00000000   Number         0  anon$$obj.o ABSOLUTE
    __ARM_use_no_argv                        0x00000000   Number         0  main.o ABSOLUTE
    __Vectors                                0x00000000   Data           4  arm_startup_nrf51.o(RESET)
    __arm_fini_                               - Undefined Weak Reference
    __cpp_initialize__aeabi_                  - Undefined Weak Reference
    __cxa_finalize                            - Undefined Weak Reference
    __decompress                              - Undefined Weak Reference
    _clock_init                               - Undefined Weak Reference
    _microlib_exit                            - Undefined Weak Reference
    __Vectors_End                            0x000000c0   Data           0  arm_startup_nrf51.o(RESET)
    __Vectors_Size                           0x000000c0   Number         0  arm_startup_nrf51.o ABSOLUTE
    __main                                   0x000000c1   Thumb Code     0  entry.o(.ARM.Collect$$$$00000000)
    _main_stk                                0x000000c1   Thumb Code     0  entry2.o(.ARM.Collect$$$$00000001)
    _main_scatterload                        0x000000c5   Thumb Code     0  entry5.o(.ARM.Collect$$$$00000004)
    __main_after_scatterload                 0x000000c9   Thumb Code     0  entry5.o(.ARM.Collect$$$$00000004)
    _main_clock                              0x000000c9   Thumb Code     0  entry7b.o(.ARM.Collect$$$$00000008)
    _main_cpp_init                           0x000000c9   Thumb Code     0  entry8b.o(.ARM.Collect$$$$0000000A)
    _main_init                               0x000000c9   Thumb Code     0  entry9a.o(.ARM.Collect$$$$0000000B)
    __rt_lib_shutdown_fini                   0x000000d1   Thumb Code     0  entry12b.o(.ARM.Collect$$$$0000000E)
    __rt_final_cpp                           0x000000d5   Thumb Code     0  entry10a.o(.ARM.Collect$$$$0000000F)
    __rt_final_exit                          0x000000d5   Thumb Code     0  entry11a.o(.ARM.Collect$$$$00000011)
    Reset_Handler                            0x000000d9   Thumb Code    26  arm_startup_nrf51.o(.text)
    NMI_Handler                              0x000000f3   Thumb Code     2  arm_startup_nrf51.o(.text)
    HardFault_Handler                        0x000000f5   Thumb Code     2  arm_startup_nrf51.o(.text)
    SVC_Handler                              0x000000f7   Thumb Code     2  arm_startup_nrf51.o(.text)
    PendSV_Handler                           0x000000f9   Thumb Code     2  arm_startup_nrf51.o(.text)
    SysTick_Handler                          0x000000fb   Thumb Code     2  arm_startup_nrf51.o(.text)
    ADC_IRQHandler                           0x000000fd   Thumb Code     0  arm_startup_nrf51.o(.text)
    CCM_AAR_IRQHandler                       0x000000fd   Thumb Code     0  arm_startup_nrf51.o(.text)
    ECB_IRQHandler                           0x000000fd   Thumb Code     0  arm_startup_nrf51.o(.text)
    GPIOTE_IRQHandler                        0x000000fd   Thumb Code     0  arm_startup_nrf51.o(.text)
    LPCOMP_IRQHandler                        0x000000fd   Thumb Code     0  arm_startup_nrf51.o(.text)
    QDEC_IRQHandler                          0x000000fd   Thumb Code     0  arm_startup_nrf51.o(.text)
    RADIO_IRQHandler                         0x000000fd   Thumb Code     0  arm_startup_nrf51.o(.text)
    RNG_IRQHandler                           0x000000fd   Thumb Code     0  arm_startup_nrf51.o(.text)
    RTC0_IRQHandler                          0x000000fd   Thumb Code     0  arm_startup_nrf51.o(.text)
    SPI0_TWI0_IRQHandler                     0x000000fd   Thumb Code     0  arm_startup_nrf51.o(.text)
    SPI1_TWI1_IRQHandler                     0x000000fd   Thumb Code     0  arm_startup_nrf51.o(.text)
    SWI1_IRQHandler                          0x000000fd   Thumb Code     0  arm_startup_nrf51.o(.text)
    SWI2_IRQHandler                          0x000000fd   Thumb Code     0  arm_startup_nrf51.o(.text)
    SWI3_IRQHandler                          0x000000fd   Thumb Code     0  arm_startup_nrf51.o(.text)
    SWI4_IRQHandler                          0x000000fd   Thumb Code     0  arm_startup_nrf51.o(.text)
    SWI5_IRQHandler                          0x000000fd   Thumb Code     0  arm_startup_nrf51.o(.text)
    TEMP_IRQHandler                          0x000000fd   Thumb Code     0  arm_startup_nrf51.o(.text)
    TIMER0_IRQHandler                        0x000000fd   Thumb Code     0  arm_startup_nrf51.o(.text)
    TIMER1_IRQHandler                        0x000000fd   Thumb Code     0  arm_startup_nrf51.o(.text)
    TIMER2_IRQHandler                        0x000000fd   Thumb Code     0  arm_startup_nrf51.o(.text)
    WDT_IRQHandler                           0x000000fd   Thumb Code     0  arm_startup_nrf51.o(.text)
    __aeabi_memcpy                           0x00000111   Thumb Code    36  memcpya.o(.text)
    __aeabi_memcpy4                          0x00000111   Thumb Code     0  memcpya.o(.text)
    __aeabi_memcpy8                          0x00000111   Thumb Code     0  memcpya.o(.text)
    __aeabi_memset                           0x00000135   Thumb Code    14  memseta.o(.text)
    __aeabi_memset4                          0x00000135   Thumb Code     0  memseta.o(.text)
    __aeabi_memset8                          0x00000135   Thumb Code     0  memseta.o(.text)
    __aeabi_memclr                           0x00000143   Thumb Code     4  memseta.o(.text)
    __aeabi_memclr4                          0x00000143   Thumb Code     0  memseta.o(.text)
    __aeabi_memclr8                          0x00000143   Thumb Code     0  memseta.o(.text)
    _memset$wrapper                          0x00000147   Thumb Code    18  memseta.o(.text)
    __scatterload                            0x00000159   Thumb Code    28  init.o(.text)
    __scatterload_rt2                        0x00000159   Thumb Code     0  init.o(.text)
    POWER_CLOCK_IRQHandler                   0x000001c1   Thumb Code    70  nrf_drv_clock.o(i.POWER_CLOCK_IRQHandler)
    RTC1_IRQHandler                          0x00000215   Thumb Code    28  app_timer.o(i.RTC1_IRQHandler)
    SWI0_IRQHandler                          0x00000235   Thumb Code     8  app_timer.o(i.SWI0_IRQHandler)
    SystemInit                               0x0000023d   Thumb Code   130  system_nrf51.o(i.SystemInit)
    UART0_IRQHandler                         0x000002dd   Thumb Code    12  nrf_drv_uart.o(i.UART0_IRQHandler)
    __scatterload_copy                       0x000002f1   Thumb Code    14  handlers.o(i.__scatterload_copy)
    __scatterload_null                       0x000002ff   Thumb Code     2  handlers.o(i.__scatterload_null)
    __scatterload_zeroinit                   0x00000301   Thumb Code    14  handlers.o(i.__scatterload_zeroinit)
    app_error_fault_handler                  0x00000311   Thumb Code    18  app_error_weak.o(i.app_error_fault_handler)
    app_error_handler_bare                   0x0000032d   Thumb Code    20  app_error.o(i.app_error_handler_bare)
    app_fifo_get                             0x00000345   Thumb Code    22  app_fifo.o(i.app_fifo_get)
    app_fifo_init                            0x0000035b   Thumb Code    36  app_fifo.o(i.app_fifo_init)
    app_fifo_put                             0x0000037f   Thumb Code    26  app_fifo.o(i.app_fifo_put)
    app_timer_create                         0x00000399   Thumb Code    44  app_timer.o(i.app_timer_create)
    app_timer_init                           0x000003c9   Thumb Code    88  app_timer.o(i.app_timer_init)
    app_timer_start                          0x00000431   Thumb Code   120  app_timer.o(i.app_timer_start)
    app_uart_get                             0x000004b1   Thumb Code    46  app_uart_fifo.o(i.app_uart_get)
    app_uart_init                            0x000004e9   Thumb Code   160  app_uart_fifo.o(i.app_uart_init)
    app_uart_put                             0x00000599   Thumb Code    56  app_uart_fifo.o(i.app_uart_put)
    app_util_critical_region_enter           0x000005d9   Thumb Code     8  app_util_platform.o(i.app_util_critical_region_enter)
    app_util_critical_region_exit            0x000005e1   Thumb Code     8  app_util_platform.o(i.app_util_critical_region_exit)
    app_util_disable_irq                     0x000005e9   Thumb Code    12  app_util_platform.o(i.app_util_disable_irq)
    app_util_enable_irq                      0x000005f9   Thumb Code    14  app_util_platform.o(i.app_util_enable_irq)
    main                                     0x00000991   Thumb Code   110  main.o(i.main)
    nrf51_uart_init                          0x00000a1d   Thumb Code    54  nrf51_uart.o(i.nrf51_uart_init)
    nrf51_uart_setCallback                   0x00000a61   Thumb Code    10  nrf51_uart.o(i.nrf51_uart_setCallback)
    nrf51_uart_tx                            0x00000a71   Thumb Code    28  nrf51_uart.o(i.nrf51_uart_tx)
    nrf_drv_clock_init                       0x00000acd   Thumb Code    52  nrf_drv_clock.o(i.nrf_drv_clock_init)
    nrf_drv_clock_lfclk_request              0x00000b0d   Thumb Code    88  nrf_drv_clock.o(i.nrf_drv_clock_lfclk_request)
    nrf_drv_common_irq_enable                0x00000b71   Thumb Code    78  nrf_drv_common.o(i.nrf_drv_common_irq_enable)
    nrf_drv_uart_init                        0x00000bd1   Thumb Code   118  nrf_drv_uart.o(i.nrf_drv_uart_init)
    nrf_drv_uart_rx                          0x00000c51   Thumb Code    86  nrf_drv_uart.o(i.nrf_drv_uart_rx)
    nrf_drv_uart_rx_enable                   0x00000cad   Thumb Code    40  nrf_drv_uart.o(i.nrf_drv_uart_rx_enable)
    nrf_drv_uart_tx                          0x00000d81   Thumb Code    46  nrf_drv_uart.o(i.nrf_drv_uart_tx)
    nrf_drv_uart_tx_in_progress              0x00000e41   Thumb Code    20  nrf_drv_uart.o(i.nrf_drv_uart_tx_in_progress)
    uart_rcv_callback                        0x00001335   Thumb Code     8  main.o(i.uart_rcv_callback)
    Region$$Table$$Base                      0x000013a8   Number         0  anon$$obj.o(Region$$Table)
    Region$$Table$$Limit                     0x000013c8   Number         0  anon$$obj.o(Region$$Table)
    uart_rx_index                            0x20000000   Data           2  nrf51_uart.o(.data)
    SystemCoreClock                          0x2000003c   Data           4  system_nrf51.o(.data)
    uart_rx_buff                             0x200002e0   Data         100  nrf51_uart.o(.bss)
    __initial_sp                             0x20000b98   Data           0  arm_startup_nrf51.o(STACK)



==============================================================================

Memory Map of the image

  Image Entry point : 0x000000c1

  Load Region LR_IROM1 (Base: 0x00000000, Size: 0x00001408, Max: 0x00040000, ABSOLUTE)

    Execution Region ER_IROM1 (Exec base: 0x00000000, Load base: 0x00000000, Size: 0x000013c8, Max: 0x00040000, ABSOLUTE)

    Exec Addr    Load Addr    Size         Type   Attr      Idx    E Section Name        Object

    0x00000000   0x00000000   0x000000c0   Data   RO         1380    RESET               arm_startup_nrf51.o
    0x000000c0   0x000000c0   0x00000000   Code   RO         1422  * .ARM.Collect$$$$00000000  mc_p.l(entry.o)
    0x000000c0   0x000000c0   0x00000004   Code   RO         1435    .ARM.Collect$$$$00000001  mc_p.l(entry2.o)
    0x000000c4   0x000000c4   0x00000004   Code   RO         1438    .ARM.Collect$$$$00000004  mc_p.l(entry5.o)
    0x000000c8   0x000000c8   0x00000000   Code   RO         1440    .ARM.Collect$$$$00000008  mc_p.l(entry7b.o)
    0x000000c8   0x000000c8   0x00000000   Code   RO         1442    .ARM.Collect$$$$0000000A  mc_p.l(entry8b.o)
    0x000000c8   0x000000c8   0x00000008   Code   RO         1443    .ARM.Collect$$$$0000000B  mc_p.l(entry9a.o)
    0x000000d0   0x000000d0   0x00000004   Code   RO         1450    .ARM.Collect$$$$0000000E  mc_p.l(entry12b.o)
    0x000000d4   0x000000d4   0x00000000   Code   RO         1445    .ARM.Collect$$$$0000000F  mc_p.l(entry10a.o)
    0x000000d4   0x000000d4   0x00000000   Code   RO         1447    .ARM.Collect$$$$00000011  mc_p.l(entry11a.o)
    0x000000d4   0x000000d4   0x00000004   Code   RO         1436    .ARM.Collect$$$$00002712  mc_p.l(entry2.o)
    0x000000d8   0x000000d8   0x00000038   Code   RO         1381    .text               arm_startup_nrf51.o
    0x00000110   0x00000110   0x00000024   Code   RO         1425    .text               mc_p.l(memcpya.o)
    0x00000134   0x00000134   0x00000024   Code   RO         1427    .text               mc_p.l(memseta.o)
    0x00000158   0x00000158   0x00000024   Code   RO         1451    .text               mc_p.l(init.o)
    0x0000017c   0x0000017c   0x00000044   Code   RO         1048    i.NVIC_SetPriority  app_timer.o
    0x000001c0   0x000001c0   0x00000054   Code   RO          607    i.POWER_CLOCK_IRQHandler  nrf_drv_clock.o
    0x00000214   0x00000214   0x00000020   Code   RO         1049    i.RTC1_IRQHandler   app_timer.o
    0x00000234   0x00000234   0x00000008   Code   RO         1050    i.SWI0_IRQHandler   app_timer.o
    0x0000023c   0x0000023c   0x000000a0   Code   RO         1388    i.SystemInit        system_nrf51.o
    0x000002dc   0x000002dc   0x00000014   Code   RO          402    i.UART0_IRQHandler  nrf_drv_uart.o
    0x000002f0   0x000002f0   0x0000000e   Code   RO         1455    i.__scatterload_copy  mc_p.l(handlers.o)
    0x000002fe   0x000002fe   0x00000002   Code   RO         1456    i.__scatterload_null  mc_p.l(handlers.o)
    0x00000300   0x00000300   0x0000000e   Code   RO         1457    i.__scatterload_zeroinit  mc_p.l(handlers.o)
    0x0000030e   0x0000030e   0x00000002   PAD
    0x00000310   0x00000310   0x0000001c   Code   RO          783    i.app_error_fault_handler  app_error_weak.o
    0x0000032c   0x0000032c   0x00000018   Code   RO          745    i.app_error_handler_bare  app_error.o
    0x00000344   0x00000344   0x00000016   Code   RO          810    i.app_fifo_get      app_fifo.o
    0x0000035a   0x0000035a   0x00000024   Code   RO          811    i.app_fifo_init     app_fifo.o
    0x0000037e   0x0000037e   0x0000001a   Code   RO          813    i.app_fifo_put      app_fifo.o
    0x00000398   0x00000398   0x00000030   Code   RO         1053    i.app_timer_create  app_timer.o
    0x000003c8   0x000003c8   0x00000068   Code   RO         1054    i.app_timer_init    app_timer.o
    0x00000430   0x00000430   0x00000080   Code   RO         1055    i.app_timer_start   app_timer.o
    0x000004b0   0x000004b0   0x00000038   Code   RO          883    i.app_uart_get      app_uart_fifo.o
    0x000004e8   0x000004e8   0x000000b0   Code   RO          884    i.app_uart_init     app_uart_fifo.o
    0x00000598   0x00000598   0x00000040   Code   RO          885    i.app_uart_put      app_uart_fifo.o
    0x000005d8   0x000005d8   0x00000008   Code   RO          943    i.app_util_critical_region_enter  app_util_platform.o
    0x000005e0   0x000005e0   0x00000008   Code   RO          944    i.app_util_critical_region_exit  app_util_platform.o
    0x000005e8   0x000005e8   0x00000010   Code   RO          945    i.app_util_disable_irq  app_util_platform.o
    0x000005f8   0x000005f8   0x00000014   Code   RO          946    i.app_util_enable_irq  app_util_platform.o
    0x0000060c   0x0000060c   0x00000084   Code   RO          403    i.apply_config      nrf_drv_uart.o
    0x00000690   0x00000690   0x00000028   Code   RO          608    i.clock_clk_started_notify  nrf_drv_clock.o
    0x000006b8   0x000006b8   0x000000a8   Code   RO         1058    i.compare_reg_update  app_timer.o
    0x00000760   0x00000760   0x00000040   Code   RO         1059    i.elapsed_ticks_acquire  app_timer.o
    0x000007a0   0x000007a0   0x00000014   Code   RO          816    i.fifo_get          app_fifo.o
    0x000007b4   0x000007b4   0x00000012   Code   RO          817    i.fifo_put          app_fifo.o
    0x000007c6   0x000007c6   0x00000002   PAD
    0x000007c8   0x000007c8   0x00000048   Code   RO         1389    i.is_manual_peripheral_setup_needed  system_nrf51.o
    0x00000810   0x00000810   0x00000016   Code   RO          610    i.item_enqueue      nrf_drv_clock.o
    0x00000826   0x00000826   0x00000002   PAD
    0x00000828   0x00000828   0x000000ac   Code   RO         1060    i.list_deletions_handler  app_timer.o
    0x000008d4   0x000008d4   0x000000bc   Code   RO         1061    i.list_insertions_handler  app_timer.o
    0x00000990   0x00000990   0x0000008c   Code   RO            3    i.main              main.o
    0x00000a1c   0x00000a1c   0x00000044   Code   RO          164    i.nrf51_uart_init   nrf51_uart.o
    0x00000a60   0x00000a60   0x00000010   Code   RO          165    i.nrf51_uart_setCallback  nrf51_uart.o
    0x00000a70   0x00000a70   0x0000001c   Code   RO          166    i.nrf51_uart_tx     nrf51_uart.o
    0x00000a8c   0x00000a8c   0x00000010   Code   RO          612    i.nrf_clock_event_check  nrf_drv_clock.o
    0x00000a9c   0x00000a9c   0x00000030   Code   RO         1062    i.nrf_delay_us      app_timer.o
    0x00000acc   0x00000acc   0x00000040   Code   RO          619    i.nrf_drv_clock_init  nrf_drv_clock.o
    0x00000b0c   0x00000b0c   0x00000064   Code   RO          624    i.nrf_drv_clock_lfclk_request  nrf_drv_clock.o
    0x00000b70   0x00000b70   0x00000060   Code   RO          339    i.nrf_drv_common_irq_enable  nrf_drv_common.o
    0x00000bd0   0x00000bd0   0x00000080   Code   RO          405    i.nrf_drv_uart_init  nrf_drv_uart.o
    0x00000c50   0x00000c50   0x0000005c   Code   RO          406    i.nrf_drv_uart_rx   nrf_drv_uart.o
    0x00000cac   0x00000cac   0x0000002c   Code   RO          409    i.nrf_drv_uart_rx_enable  nrf_drv_uart.o
    0x00000cd8   0x00000cd8   0x000000a8   Code   RO          410    i.nrf_drv_uart_rx_for_uart  nrf_drv_uart.o
    0x00000d80   0x00000d80   0x00000034   Code   RO          411    i.nrf_drv_uart_tx   nrf_drv_uart.o
    0x00000db4   0x00000db4   0x0000008c   Code   RO          413    i.nrf_drv_uart_tx_for_uart  nrf_drv_uart.o
    0x00000e40   0x00000e40   0x00000018   Code   RO          414    i.nrf_drv_uart_tx_in_progress  nrf_drv_uart.o
    0x00000e58   0x00000e58   0x00000028   Code   RO          416    i.nrf_gpio_cfg      nrf_drv_uart.o
    0x00000e80   0x00000e80   0x00000012   Code   RO          418    i.nrf_gpio_cfg_input  nrf_drv_uart.o
    0x00000e92   0x00000e92   0x00000014   Code   RO          419    i.nrf_gpio_cfg_output  nrf_drv_uart.o
    0x00000ea6   0x00000ea6   0x0000000a   Code   RO          420    i.nrf_uart_event_check  nrf_drv_uart.o
    0x00000eb0   0x00000eb0   0x00000010   Code   RO          421    i.nrf_uart_int_enable_check  nrf_drv_uart.o
    0x00000ec0   0x00000ec0   0x00000018   Code   RO            4    i.repeated_timer_handler  main.o
    0x00000ed8   0x00000ed8   0x00000014   Code   RO            5    i.repeated_timer_handler_1  main.o
    0x00000eec   0x00000eec   0x00000044   Code   RO         1063    i.rtc1_stop         app_timer.o
    0x00000f30   0x00000f30   0x00000026   Code   RO          422    i.rx_byte           nrf_drv_uart.o
    0x00000f56   0x00000f56   0x00000014   Code   RO          423    i.rx_done_event     nrf_drv_uart.o
    0x00000f6a   0x00000f6a   0x0000001a   Code   RO          424    i.rx_enable         nrf_drv_uart.o
    0x00000f84   0x00000f84   0x00000084   Code   RO         1064    i.timer_list_handler  app_timer.o
    0x00001008   0x00001008   0x00000010   Code   RO         1065    i.timer_list_handler_sched  app_timer.o
    0x00001018   0x00001018   0x00000040   Code   RO         1066    i.timer_list_insert  app_timer.o
    0x00001058   0x00001058   0x00000080   Code   RO         1068    i.timer_timeouts_check  app_timer.o
    0x000010d8   0x000010d8   0x0000001e   Code   RO          425    i.tx_byte           nrf_drv_uart.o
    0x000010f6   0x000010f6   0x00000018   Code   RO          426    i.tx_done_event     nrf_drv_uart.o
    0x0000110e   0x0000110e   0x00000002   PAD
    0x00001110   0x00001110   0x000000a8   Code   RO          886    i.uart_event_handler  app_uart_fifo.o
    0x000011b8   0x000011b8   0x00000054   Code   RO          167    i.uart_handle       nrf51_uart.o
    0x0000120c   0x0000120c   0x00000128   Code   RO          427    i.uart_irq_handler  nrf_drv_uart.o
    0x00001334   0x00001334   0x00000008   Code   RO            6    i.uart_rcv_callback  main.o
    0x0000133c   0x0000133c   0x0000002c   Code   RO         1069    i.user_op_alloc     app_timer.o
    0x00001368   0x00001368   0x00000008   Data   RO           10    .constdata          main.o
    0x00001370   0x00001370   0x00000018   Data   RO          169    .constdata          nrf51_uart.o
    0x00001388   0x00001388   0x00000020   Data   RO          888    .constdata          app_uart_fifo.o
    0x000013a8   0x000013a8   0x00000020   Data   RO         1453    Region$$Table       anon$$obj.o


    Execution Region RW_IRAM1 (Exec base: 0x20000000, Load base: 0x000013c8, Size: 0x00000b98, Max: 0x00008000, ABSOLUTE)

    Exec Addr    Load Addr    Size         Type   Attr      Idx    E Section Name        Object

    0x20000000   0x000013c8   0x00000008   Data   RW          170    .data               nrf51_uart.o
    0x20000008   0x000013d0   0x00000010   Data   RW          889    .data               app_uart_fifo.o
    0x20000018   0x000013e0   0x00000004   Data   RW          947    .data               app_util_platform.o
    0x2000001c   0x000013e4   0x00000020   Data   RW         1070    .data               app_timer.o
    0x2000003c   0x00001404   0x00000004   Data   RW         1390    .data               system_nrf51.o
    0x20000040        -       0x00000020   Zero   RW            7    .bss                main.o
    0x20000060        -       0x00000020   Zero   RW            8    .bss                main.o
    0x20000080        -       0x00000060   Zero   RW            9    .bss                main.o
    0x200000e0        -       0x00000264   Zero   RW          168    .bss                nrf51_uart.o
    0x20000344        -       0x0000001c   Zero   RW          428    .bss                nrf_drv_uart.o
    0x20000360        -       0x00000014   Zero   RW          626    .bss                nrf_drv_clock.o
    0x20000374        -       0x00000020   Zero   RW          887    .bss                app_uart_fifo.o
    0x20000394   0x00001408   0x00000004   PAD
    0x20000398        -       0x00000800   Zero   RW         1378    STACK               arm_startup_nrf51.o


==============================================================================

Image component sizes


      Code (inc. data)   RO Data    RW Data    ZI Data      Debug   Object Name

        24          4          0          0          0       2277   app_error.o
        28         10          0          0          0       7142   app_error_weak.o
       122          0          0          0          0       4758   app_fifo.o
      1480        148          0         32          0      41382   app_timer.o
       464         44         32         16         32      10350   app_uart_fifo.o
        52         10          0          4          0       3216   app_util_platform.o
        56         18        192          0       2048        704   arm_startup_nrf51.o
         0          0          0          0          0       1952   boards.o
       192         42          8          0        160      31199   main.o
       196         30         24          8        612       5352   nrf51_uart.o
       326         44          0          0         20      11960   nrf_drv_clock.o
        96         18          0          0          0       8988   nrf_drv_common.o
      1338         52          0          0         28      31978   nrf_drv_uart.o
       232         36          0          4          0       2351   system_nrf51.o

    ----------------------------------------------------------------------
      4612        456        288         64       2904     163609   Object Totals
         0          0         32          0          0          0   (incl. Generated)
         6          0          0          0          4          0   (incl. Padding)

    ----------------------------------------------------------------------

      Code (inc. data)   RO Data    RW Data    ZI Data      Debug   Library Member Name

         0          0          0          0          0          0   entry.o
         0          0          0          0          0          0   entry10a.o
         0          0          0          0          0          0   entry11a.o
         4          0          0          0          0          0   entry12b.o
         8          4          0          0          0          0   entry2.o
         4          0          0          0          0          0   entry5.o
         0          0          0          0          0          0   entry7b.o
         0          0          0          0          0          0   entry8b.o
         8          4          0          0          0          0   entry9a.o
        30          0          0          0          0          0   handlers.o
        36          8          0          0          0         68   init.o
        36          0          0          0          0         60   memcpya.o
        36          0          0          0          0        100   memseta.o

    ----------------------------------------------------------------------
       164         16          0          0          0        228   Library Totals
         2          0          0          0          0          0   (incl. Padding)

    ----------------------------------------------------------------------

      Code (inc. data)   RO Data    RW Data    ZI Data      Debug   Library Name

       162         16          0          0          0        228   mc_p.l

    ----------------------------------------------------------------------
       164         16          0          0          0        228   Library Totals

    ----------------------------------------------------------------------

==============================================================================


      Code (inc. data)   RO Data    RW Data    ZI Data      Debug   

      4776        472        288         64       2904     161041   Grand Totals
      4776        472        288         64       2904     161041   ELF Image Totals
      4776        472        288         64          0          0   ROM Totals

==============================================================================

    Total RO  Size (Code + RO Data)                 5064 (   4.95kB)
    Total RW  Size (RW Data + ZI Data)              2968 (   2.90kB)
    Total ROM Size (Code + RO Data + RW Data)       5128 (   5.01kB)

==============================================================================

